Archive member included to satisfy reference by file (symbol)

/usr/lib/gcc/arm-none-eabi/11.1.0/../../../../arm-none-eabi/lib/thumb/v7e-m+fp/hard/libc_nano.a(lib_a-atexit.o)
                              /usr/lib/gcc/arm-none-eabi/11.1.0/../../../../arm-none-eabi/lib/thumb/v7e-m+fp/hard/crt0.o (atexit)
/usr/lib/gcc/arm-none-eabi/11.1.0/../../../../arm-none-eabi/lib/thumb/v7e-m+fp/hard/libc_nano.a(lib_a-exit.o)
                              /usr/lib/gcc/arm-none-eabi/11.1.0/../../../../arm-none-eabi/lib/thumb/v7e-m+fp/hard/crt0.o (exit)
/usr/lib/gcc/arm-none-eabi/11.1.0/../../../../arm-none-eabi/lib/thumb/v7e-m+fp/hard/libc_nano.a(lib_a-fini.o)
                              /usr/lib/gcc/arm-none-eabi/11.1.0/../../../../arm-none-eabi/lib/thumb/v7e-m+fp/hard/crt0.o (__libc_fini_array)
/usr/lib/gcc/arm-none-eabi/11.1.0/../../../../arm-none-eabi/lib/thumb/v7e-m+fp/hard/libc_nano.a(lib_a-impure.o)
                              /usr/lib/gcc/arm-none-eabi/11.1.0/../../../../arm-none-eabi/lib/thumb/v7e-m+fp/hard/libc_nano.a(lib_a-exit.o) (_global_impure_ptr)
/usr/lib/gcc/arm-none-eabi/11.1.0/../../../../arm-none-eabi/lib/thumb/v7e-m+fp/hard/libc_nano.a(lib_a-init.o)
                              /usr/lib/gcc/arm-none-eabi/11.1.0/../../../../arm-none-eabi/lib/thumb/v7e-m+fp/hard/crt0.o (__libc_init_array)
/usr/lib/gcc/arm-none-eabi/11.1.0/../../../../arm-none-eabi/lib/thumb/v7e-m+fp/hard/libc_nano.a(lib_a-malloc.o)
                              build/usbh_cdc.o (malloc)
/usr/lib/gcc/arm-none-eabi/11.1.0/../../../../arm-none-eabi/lib/thumb/v7e-m+fp/hard/libc_nano.a(lib_a-memcpy-stub.o)
                              build/queue.o (memcpy)
/usr/lib/gcc/arm-none-eabi/11.1.0/../../../../arm-none-eabi/lib/thumb/v7e-m+fp/hard/libc_nano.a(lib_a-memset.o)
                              /usr/lib/gcc/arm-none-eabi/11.1.0/../../../../arm-none-eabi/lib/thumb/v7e-m+fp/hard/crt0.o (memset)
/usr/lib/gcc/arm-none-eabi/11.1.0/../../../../arm-none-eabi/lib/thumb/v7e-m+fp/hard/libc_nano.a(lib_a-nano-freer.o)
                              /usr/lib/gcc/arm-none-eabi/11.1.0/../../../../arm-none-eabi/lib/thumb/v7e-m+fp/hard/libc_nano.a(lib_a-malloc.o) (_free_r)
/usr/lib/gcc/arm-none-eabi/11.1.0/../../../../arm-none-eabi/lib/thumb/v7e-m+fp/hard/libc_nano.a(lib_a-nano-mallocr.o)
                              /usr/lib/gcc/arm-none-eabi/11.1.0/../../../../arm-none-eabi/lib/thumb/v7e-m+fp/hard/libc_nano.a(lib_a-malloc.o) (_malloc_r)
/usr/lib/gcc/arm-none-eabi/11.1.0/../../../../arm-none-eabi/lib/thumb/v7e-m+fp/hard/libc_nano.a(lib_a-sbrkr.o)
                              /usr/lib/gcc/arm-none-eabi/11.1.0/../../../../arm-none-eabi/lib/thumb/v7e-m+fp/hard/libc_nano.a(lib_a-nano-mallocr.o) (_sbrk_r)
/usr/lib/gcc/arm-none-eabi/11.1.0/../../../../arm-none-eabi/lib/thumb/v7e-m+fp/hard/libc_nano.a(lib_a-__atexit.o)
                              /usr/lib/gcc/arm-none-eabi/11.1.0/../../../../arm-none-eabi/lib/thumb/v7e-m+fp/hard/libc_nano.a(lib_a-atexit.o) (__register_exitproc)
/usr/lib/gcc/arm-none-eabi/11.1.0/../../../../arm-none-eabi/lib/thumb/v7e-m+fp/hard/libc_nano.a(lib_a-__call_atexit.o)
                              /usr/lib/gcc/arm-none-eabi/11.1.0/../../../../arm-none-eabi/lib/thumb/v7e-m+fp/hard/libc_nano.a(lib_a-__atexit.o) (__call_exitprocs)
/usr/lib/gcc/arm-none-eabi/11.1.0/../../../../arm-none-eabi/lib/thumb/v7e-m+fp/hard/libc_nano.a(lib_a-mlock.o)
                              /usr/lib/gcc/arm-none-eabi/11.1.0/../../../../arm-none-eabi/lib/thumb/v7e-m+fp/hard/libc_nano.a(lib_a-nano-freer.o) (__malloc_lock)
/usr/lib/gcc/arm-none-eabi/11.1.0/../../../../arm-none-eabi/lib/thumb/v7e-m+fp/hard/libc_nano.a(lib_a-reent.o)
                              /usr/lib/gcc/arm-none-eabi/11.1.0/../../../../arm-none-eabi/lib/thumb/v7e-m+fp/hard/libc_nano.a(lib_a-sbrkr.o) (errno)
/usr/lib/gcc/arm-none-eabi/11.1.0/../../../../arm-none-eabi/lib/thumb/v7e-m+fp/hard/libnosys.a(sbrk.o)
                              /usr/lib/gcc/arm-none-eabi/11.1.0/../../../../arm-none-eabi/lib/thumb/v7e-m+fp/hard/libc_nano.a(lib_a-sbrkr.o) (_sbrk)
/usr/lib/gcc/arm-none-eabi/11.1.0/../../../../arm-none-eabi/lib/thumb/v7e-m+fp/hard/libnosys.a(_exit.o)
                              /usr/lib/gcc/arm-none-eabi/11.1.0/../../../../arm-none-eabi/lib/thumb/v7e-m+fp/hard/libc_nano.a(lib_a-exit.o) (_exit)
/usr/lib/gcc/arm-none-eabi/11.1.0/thumb/v7e-m+fp/hard/libgcc.a(_aeabi_uldivmod.o)
                              build/stm32f4xx_hal_rcc.o (__aeabi_uldivmod)
/usr/lib/gcc/arm-none-eabi/11.1.0/thumb/v7e-m+fp/hard/libgcc.a(_udivmoddi4.o)
                              /usr/lib/gcc/arm-none-eabi/11.1.0/thumb/v7e-m+fp/hard/libgcc.a(_aeabi_uldivmod.o) (__udivmoddi4)
/usr/lib/gcc/arm-none-eabi/11.1.0/thumb/v7e-m+fp/hard/libgcc.a(_dvmd_tls.o)
                              /usr/lib/gcc/arm-none-eabi/11.1.0/thumb/v7e-m+fp/hard/libgcc.a(_aeabi_uldivmod.o) (__aeabi_ldiv0)

Discarded input sections

[...]
Memory Configuration

Name             Origin             Length             Attributes
RAM              0x0000000020000000 0x0000000000030000 xrw
CCMRAM           0x0000000010000000 0x0000000000010000 xrw
FLASH            0x0000000008000000 0x0000000000200000 xr
*default*        0x0000000000000000 0xffffffffffffffff

Linker script and memory map

LOAD /usr/lib/gcc/arm-none-eabi/11.1.0/thumb/v7e-m+fp/hard/crti.o
LOAD /usr/lib/gcc/arm-none-eabi/11.1.0/thumb/v7e-m+fp/hard/crtbegin.o
LOAD /usr/lib/gcc/arm-none-eabi/11.1.0/../../../../arm-none-eabi/lib/thumb/v7e-m+fp/hard/crt0.o
LOAD build/main.o
LOAD build/freertos.o
LOAD build/stm32f4xx_it.o
LOAD build/stm32f4xx_hal_msp.o
LOAD build/stm32f4xx_hal_timebase_tim.o
LOAD build/usbh_conf.o
LOAD build/usbh_platform.o
LOAD build/usb_host.o
LOAD build/stm32f4xx_hal_hcd.o
LOAD build/stm32f4xx_ll_usb.o
LOAD build/stm32f4xx_hal_rcc.o
LOAD build/stm32f4xx_hal_rcc_ex.o
LOAD build/stm32f4xx_hal_flash.o
LOAD build/stm32f4xx_hal_flash_ex.o
LOAD build/stm32f4xx_hal_flash_ramfunc.o
LOAD build/stm32f4xx_hal_gpio.o
LOAD build/stm32f4xx_hal_dma_ex.o
LOAD build/stm32f4xx_hal_dma.o
LOAD build/stm32f4xx_hal_pwr.o
LOAD build/stm32f4xx_hal_pwr_ex.o
LOAD build/stm32f4xx_hal_cortex.o
LOAD build/stm32f4xx_hal.o
LOAD build/stm32f4xx_hal_exti.o
LOAD build/stm32f4xx_hal_crc.o
LOAD build/stm32f4xx_hal_dma2d.o
LOAD build/stm32f4xx_ll_fmc.o
LOAD build/stm32f4xx_hal_sdram.o
LOAD build/stm32f4xx_hal_i2c.o
LOAD build/stm32f4xx_hal_i2c_ex.o
LOAD build/stm32f4xx_hal_ltdc.o
LOAD build/stm32f4xx_hal_ltdc_ex.o
LOAD build/stm32f4xx_hal_dsi.o
LOAD build/stm32f4xx_hal_spi.o
LOAD build/stm32f4xx_hal_tim.o
LOAD build/stm32f4xx_hal_tim_ex.o
LOAD build/stm32f4xx_hal_uart.o
LOAD build/system_stm32f4xx.o
LOAD build/croutine.o
LOAD build/event_groups.o
LOAD build/list.o
LOAD build/queue.o
LOAD build/stream_buffer.o
LOAD build/tasks.o
LOAD build/timers.o
LOAD build/cmsis_os.o
LOAD build/heap_4.o
LOAD build/port.o
LOAD build/usbh_core.o
LOAD build/usbh_ctlreq.o
LOAD build/usbh_ioreq.o
LOAD build/usbh_pipes.o
LOAD build/usbh_cdc.o
LOAD build/startup_stm32f429xx.o
LOAD /usr/lib/gcc/arm-none-eabi/11.1.0/../../../../arm-none-eabi/lib/thumb/v7e-m+fp/hard/libc_nano.a
LOAD /usr/lib/gcc/arm-none-eabi/11.1.0/../../../../arm-none-eabi/lib/thumb/v7e-m+fp/hard/libm.a
LOAD /usr/lib/gcc/arm-none-eabi/11.1.0/../../../../arm-none-eabi/lib/thumb/v7e-m+fp/hard/libnosys.a
START GROUP
LOAD /usr/lib/gcc/arm-none-eabi/11.1.0/thumb/v7e-m+fp/hard/libgcc.a
LOAD /usr/lib/gcc/arm-none-eabi/11.1.0/../../../../arm-none-eabi/lib/thumb/v7e-m+fp/hard/libc_nano.a
END GROUP
START GROUP
LOAD /usr/lib/gcc/arm-none-eabi/11.1.0/thumb/v7e-m+fp/hard/libgcc.a
LOAD /usr/lib/gcc/arm-none-eabi/11.1.0/../../../../arm-none-eabi/lib/thumb/v7e-m+fp/hard/libc_nano.a
END GROUP
LOAD /usr/lib/gcc/arm-none-eabi/11.1.0/thumb/v7e-m+fp/hard/crtend.o
LOAD /usr/lib/gcc/arm-none-eabi/11.1.0/thumb/v7e-m+fp/hard/crtn.o
                0x0000000020030000                _estack = 0x20030000
                0x0000000000000200                _Min_Heap_Size = 0x200
                0x0000000000000400                _Min_Stack_Size = 0x400

.isr_vector     0x0000000008000000      0x1ac
                0x0000000008000000                . = ALIGN (0x4)
 *(.isr_vector)
 .isr_vector    0x0000000008000000      0x1ac build/startup_stm32f429xx.o
                0x0000000008000000                g_pfnVectors
                0x00000000080001ac                . = ALIGN (0x4)

.text           0x00000000080001b0     0x73ac
                0x00000000080001b0                . = ALIGN (0x4)
 *(.text)
 .text          0x00000000080001b0       0x88 /usr/lib/gcc/arm-none-eabi/11.1.0/thumb/v7e-m+fp/hard/crtbegin.o
 .text          0x0000000008000238       0x30 /usr/lib/gcc/arm-none-eabi/11.1.0/thumb/v7e-m+fp/hard/libgcc.a(_aeabi_uldivmod.o)
                0x0000000008000238                __aeabi_uldivmod
 .text          0x0000000008000268      0x2d8 /usr/lib/gcc/arm-none-eabi/11.1.0/thumb/v7e-m+fp/hard/libgcc.a(_udivmoddi4.o)
                0x0000000008000268                __udivmoddi4
 .text          0x0000000008000540        0x4 /usr/lib/gcc/arm-none-eabi/11.1.0/thumb/v7e-m+fp/hard/libgcc.a(_dvmd_tls.o)
                0x0000000008000540                __aeabi_ldiv0
                0x0000000008000540                __aeabi_idiv0
 *(.text*)
 .text.MX_GPIO_Init
                0x0000000008000544      0x1a4 build/main.o
 .text.StartDefaultTask
                0x00000000080006e8        0xe build/main.o
                0x00000000080006e8                StartDefaultTask
 *fill*         0x00000000080006f6        0x2 
 .text.HAL_TIM_PeriodElapsedCallback
                0x00000000080006f8       0x18 build/main.o
                0x00000000080006f8                HAL_TIM_PeriodElapsedCallback
 .text.Error_Handler
                0x0000000008000710        0x4 build/main.o
                0x0000000008000710                Error_Handler
 .text.MX_CRC_Init
                0x0000000008000714       0x1c build/main.o
 .text.MX_DMA2D_Init
                0x0000000008000730       0x3c build/main.o
 .text.MX_FMC_Init
                0x000000000800076c       0x70 build/main.o
 .text.MX_I2C3_Init
                0x00000000080007dc       0x54 build/main.o
 .text.MX_LTDC_Init
                0x0000000008000830       0xb4 build/main.o
 .text.MX_SPI5_Init
                0x00000000080008e4       0x40 build/main.o
 .text.MX_TIM1_Init
                0x0000000008000924       0x68 build/main.o
 .text.MX_USART1_UART_Init
                0x000000000800098c       0x34 build/main.o
 .text.SystemClock_Config
                0x00000000080009c0       0xa8 build/main.o
                0x00000000080009c0                SystemClock_Config
 .text.main     0x0000000008000a68       0x60 build/main.o
                0x0000000008000a68                main
 .text.vApplicationIdleHook
                0x0000000008000ac8        0x2 build/freertos.o
                0x0000000008000ac8                vApplicationIdleHook
 .text.vApplicationStackOverflowHook
                0x0000000008000aca        0x2 build/freertos.o
                0x0000000008000aca                vApplicationStackOverflowHook
 .text.vApplicationMallocFailedHook
                0x0000000008000acc        0x2 build/freertos.o
                0x0000000008000acc                vApplicationMallocFailedHook
 *fill*         0x0000000008000ace        0x2 
 .text.vApplicationGetIdleTaskMemory
                0x0000000008000ad0       0x18 build/freertos.o
                0x0000000008000ad0                vApplicationGetIdleTaskMemory
 .text.NMI_Handler
                0x0000000008000ae8        0x2 build/stm32f4xx_it.o
                0x0000000008000ae8                NMI_Handler
 .text.HardFault_Handler
                0x0000000008000aea        0x2 build/stm32f4xx_it.o
                0x0000000008000aea                HardFault_Handler
 .text.MemManage_Handler
                0x0000000008000aec        0x2 build/stm32f4xx_it.o
                0x0000000008000aec                MemManage_Handler
 .text.BusFault_Handler
                0x0000000008000aee        0x2 build/stm32f4xx_it.o
                0x0000000008000aee                BusFault_Handler
 .text.UsageFault_Handler
                0x0000000008000af0        0x2 build/stm32f4xx_it.o
                0x0000000008000af0                UsageFault_Handler
 .text.DebugMon_Handler
                0x0000000008000af2        0x2 build/stm32f4xx_it.o
                0x0000000008000af2                DebugMon_Handler
 .text.TIM6_DAC_IRQHandler
                0x0000000008000af4       0x10 build/stm32f4xx_it.o
                0x0000000008000af4                TIM6_DAC_IRQHandler
 .text.OTG_HS_IRQHandler
                0x0000000008000b04       0x10 build/stm32f4xx_it.o
                0x0000000008000b04                OTG_HS_IRQHandler
 .text.LTDC_IRQHandler
                0x0000000008000b14       0x10 build/stm32f4xx_it.o
                0x0000000008000b14                LTDC_IRQHandler
 .text.DMA2D_IRQHandler
                0x0000000008000b24       0x10 build/stm32f4xx_it.o
                0x0000000008000b24                DMA2D_IRQHandler
 .text.HAL_FMC_MspInit
                0x0000000008000b34       0xe8 build/stm32f4xx_hal_msp.o
 .text.HAL_MspInit
                0x0000000008000c1c       0x44 build/stm32f4xx_hal_msp.o
                0x0000000008000c1c                HAL_MspInit
 .text.HAL_CRC_MspInit
                0x0000000008000c60       0x30 build/stm32f4xx_hal_msp.o
                0x0000000008000c60                HAL_CRC_MspInit
 .text.HAL_DMA2D_MspInit
                0x0000000008000c90       0x40 build/stm32f4xx_hal_msp.o
                0x0000000008000c90                HAL_DMA2D_MspInit
 .text.HAL_I2C_MspInit
                0x0000000008000cd0       0xa8 build/stm32f4xx_hal_msp.o
                0x0000000008000cd0                HAL_I2C_MspInit
 .text.HAL_LTDC_MspInit
                0x0000000008000d78      0x1c4 build/stm32f4xx_hal_msp.o
                0x0000000008000d78                HAL_LTDC_MspInit
 .text.HAL_SPI_MspInit
                0x0000000008000f3c       0x6c build/stm32f4xx_hal_msp.o
                0x0000000008000f3c                HAL_SPI_MspInit
 .text.HAL_TIM_Base_MspInit
                0x0000000008000fa8       0x30 build/stm32f4xx_hal_msp.o
                0x0000000008000fa8                HAL_TIM_Base_MspInit
 .text.HAL_UART_MspInit
                0x0000000008000fd8       0x74 build/stm32f4xx_hal_msp.o
                0x0000000008000fd8                HAL_UART_MspInit
 .text.HAL_SDRAM_MspInit
                0x000000000800104c        0x8 build/stm32f4xx_hal_msp.o
                0x000000000800104c                HAL_SDRAM_MspInit
 .text.HAL_InitTick
                0x0000000008001054       0x7c build/stm32f4xx_hal_timebase_tim.o
                0x0000000008001054                HAL_InitTick
 .text.HAL_HCD_MspInit
                0x00000000080010d0       0x94 build/usbh_conf.o
                0x00000000080010d0                HAL_HCD_MspInit
 .text.HAL_HCD_SOF_Callback
                0x0000000008001164        0xc build/usbh_conf.o
                0x0000000008001164                HAL_HCD_SOF_Callback
 .text.HAL_HCD_Connect_Callback
                0x0000000008001170        0xc build/usbh_conf.o
                0x0000000008001170                HAL_HCD_Connect_Callback
 .text.HAL_HCD_Disconnect_Callback
                0x000000000800117c        0xc build/usbh_conf.o
                0x000000000800117c                HAL_HCD_Disconnect_Callback
 .text.HAL_HCD_HC_NotifyURBChange_Callback
                0x0000000008001188        0xc build/usbh_conf.o
                0x0000000008001188                HAL_HCD_HC_NotifyURBChange_Callback
 .text.HAL_HCD_PortEnabled_Callback
                0x0000000008001194        0xc build/usbh_conf.o
                0x0000000008001194                HAL_HCD_PortEnabled_Callback
 .text.HAL_HCD_PortDisabled_Callback
                0x00000000080011a0        0xc build/usbh_conf.o
                0x00000000080011a0                HAL_HCD_PortDisabled_Callback
 .text.USBH_LL_Init
                0x00000000080011ac       0x5c build/usbh_conf.o
                0x00000000080011ac                USBH_LL_Init
 .text.USBH_LL_GetSpeed
                0x0000000008001208       0x20 build/usbh_conf.o
                0x0000000008001208                USBH_LL_GetSpeed
 .text.USBH_LL_GetLastXferSize
                0x0000000008001228        0xc build/usbh_conf.o
                0x0000000008001228                USBH_LL_GetLastXferSize
 .text.USBH_LL_GetURBState
                0x0000000008001234        0xc build/usbh_conf.o
                0x0000000008001234                USBH_LL_GetURBState
 .text.USBH_LL_DriverVBUS
                0x0000000008001240       0x1a build/usbh_conf.o
                0x0000000008001240                USBH_LL_DriverVBUS
 .text.USBH_LL_SetToggle
                0x000000000800125a       0x2a build/usbh_conf.o
                0x000000000800125a                USBH_LL_SetToggle
 .text.USBH_Delay
                0x0000000008001284        0x8 build/usbh_conf.o
                0x0000000008001284                USBH_Delay
 .text.USBH_Get_USB_Status
                0x000000000800128c       0x14 build/usbh_conf.o
                0x000000000800128c                USBH_Get_USB_Status
 .text.USBH_LL_Start
                0x00000000080012a0       0x10 build/usbh_conf.o
                0x00000000080012a0                USBH_LL_Start
 .text.USBH_LL_Stop
                0x00000000080012b0       0x10 build/usbh_conf.o
                0x00000000080012b0                USBH_LL_Stop
 .text.USBH_LL_ResetPort
                0x00000000080012c0       0x10 build/usbh_conf.o
                0x00000000080012c0                USBH_LL_ResetPort
 .text.USBH_LL_OpenPipe
                0x00000000080012d0       0x26 build/usbh_conf.o
                0x00000000080012d0                USBH_LL_OpenPipe
 .text.USBH_LL_ClosePipe
                0x00000000080012f6       0x10 build/usbh_conf.o
                0x00000000080012f6                USBH_LL_ClosePipe
 .text.USBH_LL_SubmitURB
                0x0000000008001306       0x2a build/usbh_conf.o
                0x0000000008001306                USBH_LL_SubmitURB
 .text.MX_DriverVbusHS
                0x0000000008001330       0x18 build/usbh_platform.o
                0x0000000008001330                MX_DriverVbusHS
 .text.USBH_UserProcess
                0x0000000008001348       0x2c build/usb_host.o
 .text.MX_USB_HOST_Init
                0x0000000008001374       0x40 build/usb_host.o
                0x0000000008001374                MX_USB_HOST_Init
 .text.HCD_RXQLVL_IRQHandler
                0x00000000080013b4       0x9e build/stm32f4xx_hal_hcd.o
 .text.HAL_HCD_HC_Init
                0x0000000008001452       0x8e build/stm32f4xx_hal_hcd.o
                0x0000000008001452                HAL_HCD_HC_Init
 .text.HAL_HCD_HC_Halt
                0x00000000080014e0       0x24 build/stm32f4xx_hal_hcd.o
                0x00000000080014e0                HAL_HCD_HC_Halt
 .text.HAL_HCD_Init
                0x0000000008001504       0xa4 build/stm32f4xx_hal_hcd.o
                0x0000000008001504                HAL_HCD_Init
 .text.HAL_HCD_HC_SubmitRequest
                0x00000000080015a8      0x164 build/stm32f4xx_hal_hcd.o
                0x00000000080015a8                HAL_HCD_HC_SubmitRequest
 .text.HCD_Port_IRQHandler
                0x000000000800170c       0xb0 build/stm32f4xx_hal_hcd.o
 .text.HCD_HC_IN_IRQHandler
                0x00000000080017bc      0x320 build/stm32f4xx_hal_hcd.o
 .text.HCD_HC_OUT_IRQHandler
                0x0000000008001adc      0x30c build/stm32f4xx_hal_hcd.o
 .text.HAL_HCD_IRQHandler
                0x0000000008001de8      0x154 build/stm32f4xx_hal_hcd.o
                0x0000000008001de8                HAL_HCD_IRQHandler
 .text.HAL_HCD_Start
                0x0000000008001f3c       0x2a build/stm32f4xx_hal_hcd.o
                0x0000000008001f3c                HAL_HCD_Start
 .text.HAL_HCD_Stop
                0x0000000008001f66       0x24 build/stm32f4xx_hal_hcd.o
                0x0000000008001f66                HAL_HCD_Stop
 .text.HAL_HCD_ResetPort
                0x0000000008001f8a        0xa build/stm32f4xx_hal_hcd.o
                0x0000000008001f8a                HAL_HCD_ResetPort
 .text.HAL_HCD_HC_GetURBState
                0x0000000008001f94        0xc build/stm32f4xx_hal_hcd.o
                0x0000000008001f94                HAL_HCD_HC_GetURBState
 .text.HAL_HCD_HC_GetXferCount
                0x0000000008001fa0        0xa build/stm32f4xx_hal_hcd.o
                0x0000000008001fa0                HAL_HCD_HC_GetXferCount
 .text.HAL_HCD_GetCurrentFrame
                0x0000000008001faa        0xa build/stm32f4xx_hal_hcd.o
                0x0000000008001faa                HAL_HCD_GetCurrentFrame
 .text.HAL_HCD_GetCurrentSpeed
                0x0000000008001fb4        0xa build/stm32f4xx_hal_hcd.o
                0x0000000008001fb4                HAL_HCD_GetCurrentSpeed
 *fill*         0x0000000008001fbe        0x2 
 .text.USB_CoreReset
                0x0000000008001fc0       0x4c build/stm32f4xx_ll_usb.o
 .text.USB_CoreInit
                0x000000000800200c       0x8a build/stm32f4xx_ll_usb.o
                0x000000000800200c                USB_CoreInit
 .text.USB_EnableGlobalInt
                0x0000000008002096        0xc build/stm32f4xx_ll_usb.o
                0x0000000008002096                USB_EnableGlobalInt
 .text.USB_DisableGlobalInt
                0x00000000080020a2        0xc build/stm32f4xx_ll_usb.o
                0x00000000080020a2                USB_DisableGlobalInt
 *fill*         0x00000000080020ae        0x2 
 .text.USB_FlushTxFifo
                0x00000000080020b0       0x30 build/stm32f4xx_ll_usb.o
                0x00000000080020b0                USB_FlushTxFifo
 .text.USB_FlushRxFifo
                0x00000000080020e0       0x2c build/stm32f4xx_ll_usb.o
                0x00000000080020e0                USB_FlushRxFifo
 .text.USB_WritePacket
                0x000000000800210c       0x2e build/stm32f4xx_ll_usb.o
                0x000000000800210c                USB_WritePacket
 .text.USB_ReadPacket
                0x000000000800213a       0x46 build/stm32f4xx_ll_usb.o
                0x000000000800213a                USB_ReadPacket
 .text.USB_ReadInterrupts
                0x0000000008002180        0x8 build/stm32f4xx_ll_usb.o
                0x0000000008002180                USB_ReadInterrupts
 .text.USB_GetMode
                0x0000000008002188        0x8 build/stm32f4xx_ll_usb.o
                0x0000000008002188                USB_GetMode
 .text.USB_SetCurrentMode
                0x0000000008002190       0x62 build/stm32f4xx_ll_usb.o
                0x0000000008002190                USB_SetCurrentMode
 *fill*         0x00000000080021f2        0x2 
 .text.USB_HostInit
                0x00000000080021f4       0xec build/stm32f4xx_ll_usb.o
                0x00000000080021f4                USB_HostInit
 .text.USB_InitFSLSPClkSel
                0x00000000080022e0       0x3e build/stm32f4xx_ll_usb.o
                0x00000000080022e0                USB_InitFSLSPClkSel
 .text.USB_ResetPort
                0x000000000800231e       0x3e build/stm32f4xx_ll_usb.o
                0x000000000800231e                USB_ResetPort
 .text.USB_DriveVbus
                0x000000000800235c       0x46 build/stm32f4xx_ll_usb.o
                0x000000000800235c                USB_DriveVbus
 .text.USB_GetHostSpeed
                0x00000000080023a2       0x16 build/stm32f4xx_ll_usb.o
                0x00000000080023a2                USB_GetHostSpeed
 .text.USB_GetCurrentFrame
                0x00000000080023b8        0xa build/stm32f4xx_ll_usb.o
                0x00000000080023b8                USB_GetCurrentFrame
 .text.USB_HC_Init
                0x00000000080023c2      0x11c build/stm32f4xx_ll_usb.o
                0x00000000080023c2                USB_HC_Init
 .text.USB_HC_ReadInterrupt
                0x00000000080024de        0xa build/stm32f4xx_ll_usb.o
                0x00000000080024de                USB_HC_ReadInterrupt
 .text.USB_HC_Halt
                0x00000000080024e8       0xe4 build/stm32f4xx_ll_usb.o
                0x00000000080024e8                USB_HC_Halt
 .text.USB_DoPing
                0x00000000080025cc       0x24 build/stm32f4xx_ll_usb.o
                0x00000000080025cc                USB_DoPing
 .text.USB_HC_StartXfer
                0x00000000080025f0      0x168 build/stm32f4xx_ll_usb.o
                0x00000000080025f0                USB_HC_StartXfer
 .text.USB_StopHost
                0x0000000008002758       0x7c build/stm32f4xx_ll_usb.o
                0x0000000008002758                USB_StopHost
 .text.HAL_RCC_OscConfig
                0x00000000080027d4      0x3f8 build/stm32f4xx_hal_rcc.o
                0x00000000080027d4                HAL_RCC_OscConfig
 .text.HAL_RCC_GetSysClockFreq
                0x0000000008002bcc       0xdc build/stm32f4xx_hal_rcc.o
                0x0000000008002bcc                HAL_RCC_GetSysClockFreq
 .text.HAL_RCC_ClockConfig
                0x0000000008002ca8      0x160 build/stm32f4xx_hal_rcc.o
                0x0000000008002ca8                HAL_RCC_ClockConfig
 .text.HAL_RCC_GetHCLKFreq
                0x0000000008002e08        0xc build/stm32f4xx_hal_rcc.o
                0x0000000008002e08                HAL_RCC_GetHCLKFreq
 .text.HAL_RCC_GetPCLK1Freq
                0x0000000008002e14       0x20 build/stm32f4xx_hal_rcc.o
                0x0000000008002e14                HAL_RCC_GetPCLK1Freq
 .text.HAL_RCC_GetPCLK2Freq
                0x0000000008002e34       0x20 build/stm32f4xx_hal_rcc.o
                0x0000000008002e34                HAL_RCC_GetPCLK2Freq
 .text.HAL_RCC_GetClockConfig
                0x0000000008002e54       0x3c build/stm32f4xx_hal_rcc.o
                0x0000000008002e54                HAL_RCC_GetClockConfig
 .text.HAL_RCCEx_PeriphCLKConfig
                0x0000000008002e90      0x284 build/stm32f4xx_hal_rcc_ex.o
                0x0000000008002e90                HAL_RCCEx_PeriphCLKConfig
 .text.HAL_GPIO_Init
                0x0000000008003114      0x208 build/stm32f4xx_hal_gpio.o
                0x0000000008003114                HAL_GPIO_Init
 .text.HAL_GPIO_WritePin
                0x000000000800331c        0xc build/stm32f4xx_hal_gpio.o
                0x000000000800331c                HAL_GPIO_WritePin
 .text.HAL_NVIC_SetPriorityGrouping
                0x0000000008003328       0x24 build/stm32f4xx_hal_cortex.o
                0x0000000008003328                HAL_NVIC_SetPriorityGrouping
 .text.HAL_NVIC_SetPriority
                0x000000000800334c       0x70 build/stm32f4xx_hal_cortex.o
                0x000000000800334c                HAL_NVIC_SetPriority
 .text.HAL_NVIC_EnableIRQ
                0x00000000080033bc       0x1c build/stm32f4xx_hal_cortex.o
                0x00000000080033bc                HAL_NVIC_EnableIRQ
 .text.HAL_Init
                0x00000000080033d8       0x34 build/stm32f4xx_hal.o
                0x00000000080033d8                HAL_Init
 .text.HAL_IncTick
                0x000000000800340c       0x18 build/stm32f4xx_hal.o
                0x000000000800340c                HAL_IncTick
 .text.HAL_GetTick
                0x0000000008003424        0xc build/stm32f4xx_hal.o
                0x0000000008003424                HAL_GetTick
 .text.HAL_Delay
                0x0000000008003430       0x28 build/stm32f4xx_hal.o
                0x0000000008003430                HAL_Delay
 .text.HAL_CRC_Init
                0x0000000008003458       0x1e build/stm32f4xx_hal_crc.o
                0x0000000008003458                HAL_CRC_Init
 .text.HAL_DMA2D_Init
                0x0000000008003476       0x5a build/stm32f4xx_hal_dma2d.o
                0x0000000008003476                HAL_DMA2D_Init
 .text.HAL_DMA2D_LineEventCallback
                0x00000000080034d0        0x2 build/stm32f4xx_hal_dma2d.o
                0x00000000080034d0                HAL_DMA2D_LineEventCallback
 .text.HAL_DMA2D_CLUTLoadingCpltCallback
                0x00000000080034d2        0x2 build/stm32f4xx_hal_dma2d.o
                0x00000000080034d2                HAL_DMA2D_CLUTLoadingCpltCallback
 .text.HAL_DMA2D_IRQHandler
                0x00000000080034d4      0x13c build/stm32f4xx_hal_dma2d.o
                0x00000000080034d4                HAL_DMA2D_IRQHandler
 .text.HAL_DMA2D_ConfigLayer
                0x0000000008003610       0xc4 build/stm32f4xx_hal_dma2d.o
                0x0000000008003610                HAL_DMA2D_ConfigLayer
 .text.FMC_SDRAM_Init
                0x00000000080036d4       0x78 build/stm32f4xx_ll_fmc.o
                0x00000000080036d4                FMC_SDRAM_Init
 .text.FMC_SDRAM_Timing_Init
                0x000000000800374c       0xaa build/stm32f4xx_ll_fmc.o
                0x000000000800374c                FMC_SDRAM_Timing_Init
 .text.HAL_SDRAM_Init
                0x00000000080037f6       0x40 build/stm32f4xx_hal_sdram.o
                0x00000000080037f6                HAL_SDRAM_Init
 *fill*         0x0000000008003836        0x2 
 .text.HAL_I2C_Init
                0x0000000008003838      0x1bc build/stm32f4xx_hal_i2c.o
                0x0000000008003838                HAL_I2C_Init
 .text.HAL_I2CEx_ConfigAnalogFilter
                0x00000000080039f4       0x44 build/stm32f4xx_hal_i2c_ex.o
                0x00000000080039f4                HAL_I2CEx_ConfigAnalogFilter
 .text.HAL_I2CEx_ConfigDigitalFilter
                0x0000000008003a38       0x42 build/stm32f4xx_hal_i2c_ex.o
                0x0000000008003a38                HAL_I2CEx_ConfigDigitalFilter
 .text.LTDC_SetConfig
                0x0000000008003a7a      0x1ac build/stm32f4xx_hal_ltdc.o
 *fill*         0x0000000008003c26        0x2 
 .text.HAL_LTDC_Init
                0x0000000008003c28       0xf4 build/stm32f4xx_hal_ltdc.o
                0x0000000008003c28                HAL_LTDC_Init
 .text.HAL_LTDC_ErrorCallback
                0x0000000008003d1c        0x2 build/stm32f4xx_hal_ltdc.o
                0x0000000008003d1c                HAL_LTDC_ErrorCallback
 .text.HAL_LTDC_LineEventCallback
                0x0000000008003d1e        0x2 build/stm32f4xx_hal_ltdc.o
                0x0000000008003d1e                HAL_LTDC_LineEventCallback
 .text.HAL_LTDC_ReloadEventCallback
                0x0000000008003d20        0x2 build/stm32f4xx_hal_ltdc.o
                0x0000000008003d20                HAL_LTDC_ReloadEventCallback
 .text.HAL_LTDC_IRQHandler
                0x0000000008003d22       0xda build/stm32f4xx_hal_ltdc.o
                0x0000000008003d22                HAL_LTDC_IRQHandler
 .text.HAL_LTDC_ConfigLayer
                0x0000000008003dfc       0x68 build/stm32f4xx_hal_ltdc.o
                0x0000000008003dfc                HAL_LTDC_ConfigLayer
 .text.HAL_SPI_Init
                0x0000000008003e64       0xbe build/stm32f4xx_hal_spi.o
                0x0000000008003e64                HAL_SPI_Init
 .text.TIM_TI1_ConfigInputStage
                0x0000000008003f22       0x26 build/stm32f4xx_hal_tim.o
 .text.TIM_TI2_ConfigInputStage
                0x0000000008003f48       0x28 build/stm32f4xx_hal_tim.o
 .text.TIM_ITRx_SetConfig
                0x0000000008003f70       0x10 build/stm32f4xx_hal_tim.o
 .text.HAL_TIM_Base_Start_IT
                0x0000000008003f80       0x88 build/stm32f4xx_hal_tim.o
                0x0000000008003f80                HAL_TIM_Base_Start_IT
 .text.HAL_TIM_OC_DelayElapsedCallback
                0x0000000008004008        0x2 build/stm32f4xx_hal_tim.o
                0x0000000008004008                HAL_TIM_OC_DelayElapsedCallback
 .text.HAL_TIM_IC_CaptureCallback
                0x000000000800400a        0x2 build/stm32f4xx_hal_tim.o
                0x000000000800400a                HAL_TIM_IC_CaptureCallback
 .text.HAL_TIM_PWM_PulseFinishedCallback
                0x000000000800400c        0x2 build/stm32f4xx_hal_tim.o
                0x000000000800400c                HAL_TIM_PWM_PulseFinishedCallback
 .text.HAL_TIM_TriggerCallback
                0x000000000800400e        0x2 build/stm32f4xx_hal_tim.o
                0x000000000800400e                HAL_TIM_TriggerCallback
 .text.HAL_TIM_IRQHandler
                0x0000000008004010      0x17a build/stm32f4xx_hal_tim.o
                0x0000000008004010                HAL_TIM_IRQHandler
 *fill*         0x000000000800418a        0x2 
 .text.TIM_Base_SetConfig
                0x000000000800418c       0xc8 build/stm32f4xx_hal_tim.o
                0x000000000800418c                TIM_Base_SetConfig
 .text.HAL_TIM_Base_Init
                0x0000000008004254       0x58 build/stm32f4xx_hal_tim.o
                0x0000000008004254                HAL_TIM_Base_Init
 .text.TIM_ETR_SetConfig
                0x00000000080042ac       0x1a build/stm32f4xx_hal_tim.o
                0x00000000080042ac                TIM_ETR_SetConfig
 .text.HAL_TIM_ConfigClockSource
                0x00000000080042c6       0xfe build/stm32f4xx_hal_tim.o
                0x00000000080042c6                HAL_TIM_ConfigClockSource
 .text.HAL_TIMEx_MasterConfigSynchronization
                0x00000000080043c4       0x8c build/stm32f4xx_hal_tim_ex.o
                0x00000000080043c4                HAL_TIMEx_MasterConfigSynchronization
 .text.HAL_TIMEx_CommutCallback
                0x0000000008004450        0x2 build/stm32f4xx_hal_tim_ex.o
                0x0000000008004450                HAL_TIMEx_CommutCallback
 .text.HAL_TIMEx_BreakCallback
                0x0000000008004452        0x2 build/stm32f4xx_hal_tim_ex.o
                0x0000000008004452                HAL_TIMEx_BreakCallback
 .text.UART_SetConfig
                0x0000000008004454      0x110 build/stm32f4xx_hal_uart.o
 .text.HAL_UART_Init
                0x0000000008004564       0x5e build/stm32f4xx_hal_uart.o
                0x0000000008004564                HAL_UART_Init
 *fill*         0x00000000080045c2        0x2 
 .text.SystemInit
                0x00000000080045c4       0x14 build/system_stm32f4xx.o
                0x00000000080045c4                SystemInit
 .text.vListInitialise
                0x00000000080045d8       0x16 build/list.o
                0x00000000080045d8                vListInitialise
 .text.vListInitialiseItem
                0x00000000080045ee        0x6 build/list.o
                0x00000000080045ee                vListInitialiseItem
 .text.vListInsertEnd
                0x00000000080045f4       0x16 build/list.o
                0x00000000080045f4                vListInsertEnd
 .text.vListInsert
                0x000000000800460a       0x32 build/list.o
                0x000000000800460a                vListInsert
 .text.uxListRemove
                0x000000000800463c       0x26 build/list.o
                0x000000000800463c                uxListRemove
 .text.prvIsQueueFull
                0x0000000008004662       0x1e build/queue.o
 .text.prvIsQueueEmpty
                0x0000000008004680       0x1a build/queue.o
 .text.prvCopyDataToQueue
                0x000000000800469a       0x76 build/queue.o
 .text.prvCopyDataFromQueue
                0x0000000008004710       0x24 build/queue.o
 .text.prvUnlockQueue
                0x0000000008004734       0x6e build/queue.o
 .text.xQueueGenericReset
                0x00000000080047a2       0x84 build/queue.o
                0x00000000080047a2                xQueueGenericReset
 .text.prvInitialiseNewQueue
                0x0000000008004826       0x1c build/queue.o
 .text.xQueueGenericCreateStatic
                0x0000000008004842       0x94 build/queue.o
                0x0000000008004842                xQueueGenericCreateStatic
 .text.xQueueGenericCreate
                0x00000000080048d6       0x48 build/queue.o
                0x00000000080048d6                xQueueGenericCreate
 .text.xQueueGenericSend
                0x000000000800491e      0x188 build/queue.o
                0x000000000800491e                xQueueGenericSend
 .text.xQueueGenericSendFromISR
                0x0000000008004aa6       0xce build/queue.o
                0x0000000008004aa6                xQueueGenericSendFromISR
 .text.xQueueReceive
                0x0000000008004b74      0x15e build/queue.o
                0x0000000008004b74                xQueueReceive
 .text.xQueueReceiveFromISR
                0x0000000008004cd2       0xae build/queue.o
                0x0000000008004cd2                xQueueReceiveFromISR
 .text.prvResetNextTaskUnblockTime
                0x0000000008004d80       0x2c build/tasks.o
 .text.prvInitialiseNewTask
                0x0000000008004dac       0xa4 build/tasks.o
 .text.prvInitialiseTaskLists
                0x0000000008004e50       0x68 build/tasks.o
 .text.prvAddNewTaskToReadyList
                0x0000000008004eb8       0xa8 build/tasks.o
 .text.prvDeleteTCB
                0x0000000008004f60       0x38 build/tasks.o
 .text.prvCheckTasksWaitingTermination
                0x0000000008004f98       0x4c build/tasks.o
 .text.prvAddCurrentTaskToDelayedList
                0x0000000008004fe4       0x98 build/tasks.o
 .text.prvIdleTask
                0x000000000800507c       0x30 build/tasks.o
 .text.xTaskCreateStatic
                0x00000000080050ac       0x76 build/tasks.o
                0x00000000080050ac                xTaskCreateStatic
 .text.xTaskCreate
                0x0000000008005122       0x68 build/tasks.o
                0x0000000008005122                xTaskCreate
 *fill*         0x000000000800518a        0x2 
 .text.vTaskStartScheduler
                0x000000000800518c       0x74 build/tasks.o
                0x000000000800518c                vTaskStartScheduler
 .text.vTaskSuspendAll
                0x0000000008005200       0x10 build/tasks.o
                0x0000000008005200                vTaskSuspendAll
 .text.xTaskIncrementTick
                0x0000000008005210      0x118 build/tasks.o
                0x0000000008005210                xTaskIncrementTick
 .text.xTaskResumeAll
                0x0000000008005328       0xf8 build/tasks.o
                0x0000000008005328                xTaskResumeAll
 .text.vTaskDelay
                0x0000000008005420       0x4c build/tasks.o
                0x0000000008005420                vTaskDelay
 .text.vTaskSwitchContext
                0x000000000800546c       0xcc build/tasks.o
                0x000000000800546c                vTaskSwitchContext
 .text.vTaskPlaceOnEventList
                0x0000000008005538       0x30 build/tasks.o
                0x0000000008005538                vTaskPlaceOnEventList
 .text.xTaskRemoveFromEventList
                0x0000000008005568       0x8c build/tasks.o
                0x0000000008005568                xTaskRemoveFromEventList
 .text.vTaskInternalSetTimeOutState
                0x00000000080055f4       0x18 build/tasks.o
                0x00000000080055f4                vTaskInternalSetTimeOutState
 .text.xTaskCheckForTimeOut
                0x000000000800560c       0x84 build/tasks.o
                0x000000000800560c                xTaskCheckForTimeOut
 .text.vTaskMissedYield
                0x0000000008005690        0xc build/tasks.o
                0x0000000008005690                vTaskMissedYield
 .text.xTaskGetSchedulerState
                0x000000000800569c       0x20 build/tasks.o
                0x000000000800569c                xTaskGetSchedulerState
 .text.xTaskPriorityDisinherit
                0x00000000080056bc       0xb0 build/tasks.o
                0x00000000080056bc                xTaskPriorityDisinherit
 .text.makeFreeRtosPriority
                0x000000000800576c        0xc build/cmsis_os.o
 .text.inHandlerMode
                0x0000000008005778        0xc build/cmsis_os.o
 .text.osKernelStart
                0x0000000008005784        0xa build/cmsis_os.o
                0x0000000008005784                osKernelStart
 .text.osThreadCreate
                0x000000000800578e       0x66 build/cmsis_os.o
                0x000000000800578e                osThreadCreate
 .text.osDelay  0x00000000080057f4        0xe build/cmsis_os.o
                0x00000000080057f4                osDelay
 .text.osMessageCreate
                0x0000000008005802       0x2a build/cmsis_os.o
                0x0000000008005802                osMessageCreate
 .text.osMessagePut
                0x000000000800582c       0x66 build/cmsis_os.o
                0x000000000800582c                osMessagePut
 .text.osMessageGet
                0x0000000008005892       0x88 build/cmsis_os.o
                0x0000000008005892                osMessageGet
 *fill*         0x000000000800591a        0x2 
 .text.prvHeapInit
                0x000000000800591c       0x64 build/heap_4.o
 .text.prvInsertBlockIntoFreeList
                0x0000000008005980       0x64 build/heap_4.o
 .text.pvPortMalloc
                0x00000000080059e4      0x110 build/heap_4.o
                0x00000000080059e4                pvPortMalloc
 .text.vPortFree
                0x0000000008005af4       0x7c build/heap_4.o
                0x0000000008005af4                vPortFree
 .text.prvTaskExitError
                0x0000000008005b70       0x40 build/port.o
 .text.prvPortStartFirstTask
                0x0000000008005bb0       0x28 build/port.o
 .text.vPortEnableVFP
                0x0000000008005bd8       0x14 build/port.o
 .text.pxPortInitialiseStack
                0x0000000008005bec       0x2c build/port.o
                0x0000000008005bec                pxPortInitialiseStack
 *fill*         0x0000000008005c18        0x8 
 .text.SVC_Handler
                0x0000000008005c20       0x24 build/port.o
                0x0000000008005c20                SVC_Handler
 .text.vPortEnterCritical
                0x0000000008005c44       0x44 build/port.o
                0x0000000008005c44                vPortEnterCritical
 .text.vPortExitCritical
                0x0000000008005c88       0x2c build/port.o
                0x0000000008005c88                vPortExitCritical
 *fill*         0x0000000008005cb4        0xc 
 .text.PendSV_Handler
                0x0000000008005cc0       0x64 build/port.o
                0x0000000008005cc0                PendSV_Handler
 .text.SysTick_Handler
                0x0000000008005d24       0x2c build/port.o
                0x0000000008005d24                SysTick_Handler
 .text.vPortSetupTimerInterrupt
                0x0000000008005d50       0x28 build/port.o
                0x0000000008005d50                vPortSetupTimerInterrupt
 .text.xPortStartScheduler
                0x0000000008005d78      0x118 build/port.o
                0x0000000008005d78                xPortStartScheduler
 .text.vPortValidateInterruptPriority
                0x0000000008005e90       0x5c build/port.o
                0x0000000008005e90                vPortValidateInterruptPriority
 .text.DeInitStateMachine
                0x0000000008005eec       0x62 build/usbh_core.o
 .text.USBH_HandleSof
                0x0000000008005f4e       0x1a build/usbh_core.o
 .text.USBH_HandleEnum
                0x0000000008005f68      0x2be build/usbh_core.o
 *fill*         0x0000000008006226        0x2 
 .text.USBH_Init
                0x0000000008006228       0x88 build/usbh_core.o
                0x0000000008006228                USBH_Init
 .text.USBH_RegisterClass
                0x00000000080062b0       0x22 build/usbh_core.o
                0x00000000080062b0                USBH_RegisterClass
 .text.USBH_SelectInterface
                0x00000000080062d2       0x14 build/usbh_core.o
                0x00000000080062d2                USBH_SelectInterface
 .text.USBH_FindInterface
                0x00000000080062e6       0x54 build/usbh_core.o
                0x00000000080062e6                USBH_FindInterface
 .text.USBH_Start
                0x000000000800633a       0x14 build/usbh_core.o
                0x000000000800633a                USBH_Start
 .text.USBH_Process
                0x000000000800634e      0x310 build/usbh_core.o
                0x000000000800634e                USBH_Process
 .text.USBH_Process_OS
                0x000000000800665e       0x22 build/usbh_core.o
 .text.USBH_LL_SetTimer
                0x0000000008006680        0x6 build/usbh_core.o
                0x0000000008006680                USBH_LL_SetTimer
 .text.USBH_LL_IncTimer
                0x0000000008006686       0x12 build/usbh_core.o
                0x0000000008006686                USBH_LL_IncTimer
 .text.USBH_LL_PortEnabled
                0x0000000008006698       0x18 build/usbh_core.o
                0x0000000008006698                USBH_LL_PortEnabled
 .text.USBH_LL_PortDisabled
                0x00000000080066b0        0x8 build/usbh_core.o
                0x00000000080066b0                USBH_LL_PortDisabled
 .text.USBH_LL_Connect
                0x00000000080066b8       0x24 build/usbh_core.o
                0x00000000080066b8                USBH_LL_Connect
 .text.USBH_LL_Disconnect
                0x00000000080066dc       0x3c build/usbh_core.o
                0x00000000080066dc                USBH_LL_Disconnect
 .text.USBH_LL_NotifyURBChange
                0x0000000008006718       0x16 build/usbh_core.o
                0x0000000008006718                USBH_LL_NotifyURBChange
 .text.USBH_ParseDevDesc
                0x000000000800672e       0x58 build/usbh_ctlreq.o
 .text.USBH_ParseInterfaceDesc
                0x0000000008006786       0x26 build/usbh_ctlreq.o
 .text.USBH_ParseEPDesc
                0x00000000080067ac       0x20 build/usbh_ctlreq.o
 .text.USBH_ParseStringDesc
                0x00000000080067cc       0x32 build/usbh_ctlreq.o
 .text.USBH_HandleControl
                0x00000000080067fe      0x2d2 build/usbh_ctlreq.o
 .text.USBH_GetNextDesc
                0x0000000008006ad0        0xe build/usbh_ctlreq.o
                0x0000000008006ad0                USBH_GetNextDesc
 .text.USBH_ParseCfgDesc
                0x0000000008006ade       0xc2 build/usbh_ctlreq.o
 .text.USBH_CtlReq
                0x0000000008006ba0       0x62 build/usbh_ctlreq.o
                0x0000000008006ba0                USBH_CtlReq
 .text.USBH_GetDescriptor
                0x0000000008006c02       0x42 build/usbh_ctlreq.o
                0x0000000008006c02                USBH_GetDescriptor
 .text.USBH_Get_DevDesc
                0x0000000008006c44       0x32 build/usbh_ctlreq.o
                0x0000000008006c44                USBH_Get_DevDesc
 .text.USBH_Get_CfgDesc
                0x0000000008006c76       0x32 build/usbh_ctlreq.o
                0x0000000008006c76                USBH_Get_CfgDesc
 .text.USBH_Get_StringDesc
                0x0000000008006ca8       0x30 build/usbh_ctlreq.o
                0x0000000008006ca8                USBH_Get_StringDesc
 .text.USBH_SetAddress
                0x0000000008006cd8       0x22 build/usbh_ctlreq.o
                0x0000000008006cd8                USBH_SetAddress
 .text.USBH_SetCfg
                0x0000000008006cfa       0x22 build/usbh_ctlreq.o
                0x0000000008006cfa                USBH_SetCfg
 .text.USBH_SetFeature
                0x0000000008006d1c       0x22 build/usbh_ctlreq.o
                0x0000000008006d1c                USBH_SetFeature
 .text.USBH_ClrFeature
                0x0000000008006d3e       0x24 build/usbh_ctlreq.o
                0x0000000008006d3e                USBH_ClrFeature
 .text.USBH_CtlSendSetup
                0x0000000008006d62       0x22 build/usbh_ioreq.o
                0x0000000008006d62                USBH_CtlSendSetup
 .text.USBH_CtlSendData
                0x0000000008006d84       0x2c build/usbh_ioreq.o
                0x0000000008006d84                USBH_CtlSendData
 .text.USBH_CtlReceiveData
                0x0000000008006db0       0x20 build/usbh_ioreq.o
                0x0000000008006db0                USBH_CtlReceiveData
 .text.USBH_BulkSendData
                0x0000000008006dd0       0x2c build/usbh_ioreq.o
                0x0000000008006dd0                USBH_BulkSendData
 .text.USBH_BulkReceiveData
                0x0000000008006dfc       0x20 build/usbh_ioreq.o
                0x0000000008006dfc                USBH_BulkReceiveData
 .text.USBH_GetFreePipe
                0x0000000008006e1c       0x26 build/usbh_pipes.o
 .text.USBH_OpenPipe
                0x0000000008006e42       0x20 build/usbh_pipes.o
                0x0000000008006e42                USBH_OpenPipe
 .text.USBH_ClosePipe
                0x0000000008006e62        0xa build/usbh_pipes.o
                0x0000000008006e62                USBH_ClosePipe
 .text.USBH_AllocPipe
                0x0000000008006e6c       0x26 build/usbh_pipes.o
                0x0000000008006e6c                USBH_AllocPipe
 .text.USBH_FreePipe
                0x0000000008006e92       0x16 build/usbh_pipes.o
                0x0000000008006e92                USBH_FreePipe
 .text.USBH_CDC_SOFProcess
                0x0000000008006ea8        0x4 build/usbh_cdc.o
 .text.SetLineCoding
                0x0000000008006eac       0x1a build/usbh_cdc.o
 .text.GetLineCoding
                0x0000000008006ec6       0x1a build/usbh_cdc.o
 .text.USBH_CDC_ClassRequest
                0x0000000008006ee0       0x22 build/usbh_cdc.o
 .text.USBH_CDC_InterfaceDeInit
                0x0000000008006f02       0x68 build/usbh_cdc.o
 .text.USBH_CDC_InterfaceInit
                0x0000000008006f6a      0x186 build/usbh_cdc.o
 .text.USBH_CDC_TransmitCallback
                0x00000000080070f0        0x2 build/usbh_cdc.o
                0x00000000080070f0                USBH_CDC_TransmitCallback
 .text.CDC_ProcessTransmission
                0x00000000080070f2       0xb4 build/usbh_cdc.o
 .text.USBH_CDC_ReceiveCallback
                0x00000000080071a6        0x2 build/usbh_cdc.o
                0x00000000080071a6                USBH_CDC_ReceiveCallback
 .text.CDC_ProcessReception
                0x00000000080071a8       0x78 build/usbh_cdc.o
 .text.USBH_CDC_LineCodingChanged
                0x0000000008007220        0x2 build/usbh_cdc.o
                0x0000000008007220                USBH_CDC_LineCodingChanged
 .text.USBH_CDC_Process
                0x0000000008007222       0xae build/usbh_cdc.o
 .text.Reset_Handler
                0x00000000080072d0       0x50 build/startup_stm32f429xx.o
                0x00000000080072d0                Reset_Handler
 .text.Default_Handler
                0x0000000008007320        0x2 build/startup_stm32f429xx.o
                0x0000000008007320                RTC_Alarm_IRQHandler
                0x0000000008007320                HASH_RNG_IRQHandler
                0x0000000008007320                EXTI2_IRQHandler
                0x0000000008007320                TIM8_CC_IRQHandler
                0x0000000008007320                UART8_IRQHandler
                0x0000000008007320                SPI4_IRQHandler
                0x0000000008007320                TIM1_CC_IRQHandler
                0x0000000008007320                DMA2_Stream5_IRQHandler
                0x0000000008007320                DMA1_Stream5_IRQHandler
                0x0000000008007320                PVD_IRQHandler
                0x0000000008007320                SDIO_IRQHandler
                0x0000000008007320                TAMP_STAMP_IRQHandler
                0x0000000008007320                CAN2_RX1_IRQHandler
                0x0000000008007320                EXTI3_IRQHandler
                0x0000000008007320                TIM8_TRG_COM_TIM14_IRQHandler
                0x0000000008007320                TIM1_UP_TIM10_IRQHandler
                0x0000000008007320                TIM8_UP_TIM13_IRQHandler
                0x0000000008007320                I2C3_ER_IRQHandler
                0x0000000008007320                EXTI0_IRQHandler
                0x0000000008007320                I2C2_EV_IRQHandler
                0x0000000008007320                DMA1_Stream2_IRQHandler
                0x0000000008007320                CAN1_RX0_IRQHandler
                0x0000000008007320                FPU_IRQHandler
                0x0000000008007320                OTG_HS_WKUP_IRQHandler
                0x0000000008007320                LTDC_ER_IRQHandler
                0x0000000008007320                CAN2_SCE_IRQHandler
                0x0000000008007320                DMA2_Stream2_IRQHandler
                0x0000000008007320                SPI1_IRQHandler
                0x0000000008007320                TIM1_BRK_TIM9_IRQHandler
                0x0000000008007320                DCMI_IRQHandler
                0x0000000008007320                CAN2_RX0_IRQHandler
                0x0000000008007320                DMA2_Stream3_IRQHandler
                0x0000000008007320                USART6_IRQHandler
                0x0000000008007320                USART3_IRQHandler
                0x0000000008007320                CAN1_RX1_IRQHandler
                0x0000000008007320                UART5_IRQHandler
                0x0000000008007320                DMA2_Stream0_IRQHandler
                0x0000000008007320                TIM4_IRQHandler
                0x0000000008007320                I2C1_EV_IRQHandler
                0x0000000008007320                DMA1_Stream6_IRQHandler
                0x0000000008007320                DMA1_Stream1_IRQHandler
                0x0000000008007320                UART4_IRQHandler
                0x0000000008007320                TIM3_IRQHandler
                0x0000000008007320                RCC_IRQHandler
                0x0000000008007320                TIM8_BRK_TIM12_IRQHandler
                0x0000000008007320                Default_Handler
                0x0000000008007320                EXTI15_10_IRQHandler
                0x0000000008007320                ADC_IRQHandler
                0x0000000008007320                DMA1_Stream7_IRQHandler
                0x0000000008007320                SPI5_IRQHandler
                0x0000000008007320                TIM7_IRQHandler
                0x0000000008007320                CAN2_TX_IRQHandler
                0x0000000008007320                TIM5_IRQHandler
                0x0000000008007320                DMA2_Stream7_IRQHandler
                0x0000000008007320                I2C3_EV_IRQHandler
                0x0000000008007320                EXTI9_5_IRQHandler
                0x0000000008007320                RTC_WKUP_IRQHandler
                0x0000000008007320                ETH_WKUP_IRQHandler
                0x0000000008007320                SPI2_IRQHandler
                0x0000000008007320                OTG_HS_EP1_IN_IRQHandler
                0x0000000008007320                DMA1_Stream0_IRQHandler
                0x0000000008007320                CAN1_TX_IRQHandler
                0x0000000008007320                EXTI4_IRQHandler
                0x0000000008007320                ETH_IRQHandler
                0x0000000008007320                OTG_HS_EP1_OUT_IRQHandler
                0x0000000008007320                WWDG_IRQHandler
                0x0000000008007320                SPI6_IRQHandler
                0x0000000008007320                TIM2_IRQHandler
                0x0000000008007320                OTG_FS_WKUP_IRQHandler
                0x0000000008007320                TIM1_TRG_COM_TIM11_IRQHandler
                0x0000000008007320                EXTI1_IRQHandler
                0x0000000008007320                UART7_IRQHandler
                0x0000000008007320                USART2_IRQHandler
                0x0000000008007320                I2C2_ER_IRQHandler
                0x0000000008007320                DMA2_Stream1_IRQHandler
                0x0000000008007320                CAN1_SCE_IRQHandler
                0x0000000008007320                FLASH_IRQHandler
                0x0000000008007320                DMA2_Stream4_IRQHandler
                0x0000000008007320                USART1_IRQHandler
                0x0000000008007320                OTG_FS_IRQHandler
                0x0000000008007320                SPI3_IRQHandler
                0x0000000008007320                DMA1_Stream4_IRQHandler
                0x0000000008007320                I2C1_ER_IRQHandler
                0x0000000008007320                FMC_IRQHandler
                0x0000000008007320                DMA2_Stream6_IRQHandler
                0x0000000008007320                SAI1_IRQHandler
                0x0000000008007320                DMA1_Stream3_IRQHandler
 *fill*         0x0000000008007322        0x2 
 .text.__libc_init_array
                0x0000000008007324       0x48 /usr/lib/gcc/arm-none-eabi/11.1.0/../../../../arm-none-eabi/lib/thumb/v7e-m+fp/hard/libc_nano.a(lib_a-init.o)
                0x0000000008007324                __libc_init_array
 .text.malloc   0x000000000800736c       0x10 /usr/lib/gcc/arm-none-eabi/11.1.0/../../../../arm-none-eabi/lib/thumb/v7e-m+fp/hard/libc_nano.a(lib_a-malloc.o)
                0x000000000800736c                malloc
 .text.free     0x000000000800737c       0x10 /usr/lib/gcc/arm-none-eabi/11.1.0/../../../../arm-none-eabi/lib/thumb/v7e-m+fp/hard/libc_nano.a(lib_a-malloc.o)
                0x000000000800737c                free
 .text.memcpy   0x000000000800738c       0x1c /usr/lib/gcc/arm-none-eabi/11.1.0/../../../../arm-none-eabi/lib/thumb/v7e-m+fp/hard/libc_nano.a(lib_a-memcpy-stub.o)
                0x000000000800738c                memcpy
 .text.memset   0x00000000080073a8       0x10 /usr/lib/gcc/arm-none-eabi/11.1.0/../../../../arm-none-eabi/lib/thumb/v7e-m+fp/hard/libc_nano.a(lib_a-memset.o)
                0x00000000080073a8                memset
 .text._free_r  0x00000000080073b8       0x98 /usr/lib/gcc/arm-none-eabi/11.1.0/../../../../arm-none-eabi/lib/thumb/v7e-m+fp/hard/libc_nano.a(lib_a-nano-freer.o)
                0x00000000080073b8                _free_r
 .text._malloc_r
                0x0000000008007450       0xb4 /usr/lib/gcc/arm-none-eabi/11.1.0/../../../../arm-none-eabi/lib/thumb/v7e-m+fp/hard/libc_nano.a(lib_a-nano-mallocr.o)
                0x0000000008007450                _malloc_r
 .text._sbrk_r  0x0000000008007504       0x20 /usr/lib/gcc/arm-none-eabi/11.1.0/../../../../arm-none-eabi/lib/thumb/v7e-m+fp/hard/libc_nano.a(lib_a-sbrkr.o)
                0x0000000008007504                _sbrk_r
 .text.__malloc_lock
                0x0000000008007524        0x2 /usr/lib/gcc/arm-none-eabi/11.1.0/../../../../arm-none-eabi/lib/thumb/v7e-m+fp/hard/libc_nano.a(lib_a-mlock.o)
                0x0000000008007524                __malloc_lock
 .text.__malloc_unlock
                0x0000000008007526        0x2 /usr/lib/gcc/arm-none-eabi/11.1.0/../../../../arm-none-eabi/lib/thumb/v7e-m+fp/hard/libc_nano.a(lib_a-mlock.o)
                0x0000000008007526                __malloc_unlock
 .text._sbrk    0x0000000008007528       0x1c /usr/lib/gcc/arm-none-eabi/11.1.0/../../../../arm-none-eabi/lib/thumb/v7e-m+fp/hard/libnosys.a(sbrk.o)
                0x0000000008007528                _sbrk
 *(.glue_7)
 .glue_7        0x0000000008007544        0x0 linker stubs
 *(.glue_7t)
 .glue_7t       0x0000000008007544        0x0 linker stubs
 *(.eh_frame)
 .eh_frame      0x0000000008007544        0x0 /usr/lib/gcc/arm-none-eabi/11.1.0/thumb/v7e-m+fp/hard/crtbegin.o
 *(.init)
 .init          0x0000000008007544        0x4 /usr/lib/gcc/arm-none-eabi/11.1.0/thumb/v7e-m+fp/hard/crti.o
                0x0000000008007544                _init
 .init          0x0000000008007548        0x8 /usr/lib/gcc/arm-none-eabi/11.1.0/thumb/v7e-m+fp/hard/crtn.o
 *(.fini)
 .fini          0x0000000008007550        0x4 /usr/lib/gcc/arm-none-eabi/11.1.0/thumb/v7e-m+fp/hard/crti.o
                0x0000000008007550                _fini
 .fini          0x0000000008007554        0x8 /usr/lib/gcc/arm-none-eabi/11.1.0/thumb/v7e-m+fp/hard/crtn.o
                0x000000000800755c                . = ALIGN (0x4)
                0x000000000800755c                _etext = .

.vfp11_veneer   0x000000000800755c        0x0
 .vfp11_veneer  0x000000000800755c        0x0 linker stubs

.v4_bx          0x000000000800755c        0x0
 .v4_bx         0x000000000800755c        0x0 linker stubs

.iplt           0x000000000800755c        0x0
 .iplt          0x000000000800755c        0x0 /usr/lib/gcc/arm-none-eabi/11.1.0/thumb/v7e-m+fp/hard/crtbegin.o

.rodata         0x000000000800755c       0x84
                0x000000000800755c                . = ALIGN (0x4)
 *(.rodata)
 .rodata        0x000000000800755c       0x1c build/main.o
 .rodata        0x0000000008007578       0x2c build/usbh_core.o
 *(.rodata*)
 .rodata.str1.4
                0x00000000080075a4        0xc build/main.o
 .rodata.AHBPrescTable
                0x00000000080075b0       0x10 build/system_stm32f4xx.o
                0x00000000080075b0                AHBPrescTable
 .rodata.APBPrescTable
                0x00000000080075c0        0x8 build/system_stm32f4xx.o
                0x00000000080075c0                APBPrescTable
 .rodata.vTaskStartScheduler.str1.4
                0x00000000080075c8        0x5 build/tasks.o
 *fill*         0x00000000080075cd        0x3 
 .rodata.str1.4
                0x00000000080075d0        0xc build/usbh_core.o
 .rodata.str1.4
                0x00000000080075dc        0x4 build/usbh_cdc.o
                0x00000000080075e0                . = ALIGN (0x4)

.ARM.extab
 *(.ARM.extab* .gnu.linkonce.armextab.*)

.ARM            0x00000000080075e0        0x8
                0x00000000080075e0                __exidx_start = .
 *(.ARM.exidx*)
 .ARM.exidx     0x00000000080075e0        0x8 /usr/lib/gcc/arm-none-eabi/11.1.0/thumb/v7e-m+fp/hard/libgcc.a(_udivmoddi4.o)
                0x00000000080075e8                __exidx_end = .

.rel.dyn        0x00000000080075e8        0x0
 .rel.iplt      0x00000000080075e8        0x0 /usr/lib/gcc/arm-none-eabi/11.1.0/thumb/v7e-m+fp/hard/crtbegin.o

.preinit_array  0x00000000080075e8        0x0
                0x00000000080075e8                PROVIDE (__preinit_array_start = .)
 *(.preinit_array*)
                0x00000000080075e8                PROVIDE (__preinit_array_end = .)

.init_array     0x00000000080075e8        0x4
                0x00000000080075e8                PROVIDE (__init_array_start = .)
 *(SORT_BY_NAME(.init_array.*))
 *(.init_array*)
 .init_array    0x00000000080075e8        0x4 /usr/lib/gcc/arm-none-eabi/11.1.0/thumb/v7e-m+fp/hard/crtbegin.o
                0x00000000080075ec                PROVIDE (__init_array_end = .)

.fini_array     0x00000000080075ec        0x4
                0x00000000080075ec                PROVIDE (__fini_array_start = .)
 *(SORT_BY_NAME(.fini_array.*))
 *(.fini_array*)
 .fini_array    0x00000000080075ec        0x4 /usr/lib/gcc/arm-none-eabi/11.1.0/thumb/v7e-m+fp/hard/crtbegin.o
                0x00000000080075f0                PROVIDE (__fini_array_end = .)
                0x00000000080075f0                _sidata = LOADADDR (.data)

.data           0x0000000020000000       0x94 load address 0x00000000080075f0
                0x0000000020000000                . = ALIGN (0x4)
                0x0000000020000000                _sdata = .
 *(.data)
 *(.data*)
 .data.uwTickFreq
                0x0000000020000000        0x1 build/stm32f4xx_hal.o
                0x0000000020000000                uwTickFreq
 *fill*         0x0000000020000001        0x3 
 .data.uwTickPrio
                0x0000000020000004        0x4 build/stm32f4xx_hal.o
                0x0000000020000004                uwTickPrio
 .data.SystemCoreClock
                0x0000000020000008        0x4 build/system_stm32f4xx.o
                0x0000000020000008                SystemCoreClock
 .data.uxCriticalNesting
                0x000000002000000c        0x4 build/port.o
 .data.CDC_Class
                0x0000000020000010       0x20 build/usbh_cdc.o
                0x0000000020000010                CDC_Class
 .data._impure_ptr
                0x0000000020000030        0x4 /usr/lib/gcc/arm-none-eabi/11.1.0/../../../../arm-none-eabi/lib/thumb/v7e-m+fp/hard/libc_nano.a(lib_a-impure.o)
                0x0000000020000030                _impure_ptr
 .data.impure_data
                0x0000000020000034       0x60 /usr/lib/gcc/arm-none-eabi/11.1.0/../../../../arm-none-eabi/lib/thumb/v7e-m+fp/hard/libc_nano.a(lib_a-impure.o)
                0x0000000020000094                . = ALIGN (0x4)
                0x0000000020000094                _edata = .
                0x0000000008007684                _siccmram = LOADADDR (.ccmram)

.tm_clone_table
                0x0000000020000094        0x0 load address 0x0000000008007684
 .tm_clone_table
                0x0000000020000094        0x0 /usr/lib/gcc/arm-none-eabi/11.1.0/thumb/v7e-m+fp/hard/crtbegin.o
 .tm_clone_table
                0x0000000020000094        0x0 /usr/lib/gcc/arm-none-eabi/11.1.0/thumb/v7e-m+fp/hard/crtend.o

.igot.plt       0x0000000020000094        0x0 load address 0x0000000008007684
 .igot.plt      0x0000000020000094        0x0 /usr/lib/gcc/arm-none-eabi/11.1.0/thumb/v7e-m+fp/hard/crtbegin.o

.ccmram         0x0000000010000000        0x0 load address 0x0000000008007684
                0x0000000010000000                . = ALIGN (0x4)
                0x0000000010000000                _sccmram = .
 *(.ccmram)
 *(.ccmram*)
                0x0000000010000000                . = ALIGN (0x4)
                0x0000000010000000                _eccmram = .
                0x0000000010000000                . = ALIGN (0x4)

.bss            0x0000000020000094     0x8d74
                0x0000000020000094                _sbss = .
                0x0000000020000094                __bss_start__ = _sbss
 *(.bss)
 .bss           0x0000000020000094       0x1c /usr/lib/gcc/arm-none-eabi/11.1.0/thumb/v7e-m+fp/hard/crtbegin.o
 *(.bss*)
 .bss.defaultTaskHandle
                0x00000000200000b0        0x4 build/main.o
                0x00000000200000b0                defaultTaskHandle
 .bss.hcrc      0x00000000200000b4        0x8 build/main.o
                0x00000000200000b4                hcrc
 .bss.hdma2d    0x00000000200000bc       0x40 build/main.o
                0x00000000200000bc                hdma2d
 .bss.hi2c3     0x00000000200000fc       0x54 build/main.o
                0x00000000200000fc                hi2c3
 .bss.hltdc     0x0000000020000150       0xa8 build/main.o
                0x0000000020000150                hltdc
 .bss.hsdram1   0x00000000200001f8       0x34 build/main.o
                0x00000000200001f8                hsdram1
 .bss.hspi5     0x000000002000022c       0x58 build/main.o
                0x000000002000022c                hspi5
 .bss.htim1     0x0000000020000284       0x48 build/main.o
                0x0000000020000284                htim1
 .bss.huart1    0x00000000200002cc       0x44 build/main.o
                0x00000000200002cc                huart1
 .bss.xIdleStack
                0x0000000020000310      0x200 build/freertos.o
 .bss.xIdleTaskTCBBuffer
                0x0000000020000510       0x58 build/freertos.o
 .bss.FMC_Initialized
                0x0000000020000568        0x4 build/stm32f4xx_hal_msp.o
 .bss.htim6     0x000000002000056c       0x48 build/stm32f4xx_hal_timebase_tim.o
                0x000000002000056c                htim6
 .bss.hhcd_USB_OTG_HS
                0x00000000200005b4      0x304 build/usbh_conf.o
                0x00000000200005b4                hhcd_USB_OTG_HS
 .bss.Appli_state
                0x00000000200008b8        0x1 build/usb_host.o
                0x00000000200008b8                Appli_state
 *fill*         0x00000000200008b9        0x3 
 .bss.hUsbHostHS
                0x00000000200008bc      0x3e4 build/usb_host.o
                0x00000000200008bc                hUsbHostHS
 .bss.uwTick    0x0000000020000ca0        0x4 build/stm32f4xx_hal.o
                0x0000000020000ca0                uwTick
 .bss.pxCurrentTCB
                0x0000000020000ca4        0x4 build/tasks.o
                0x0000000020000ca4                pxCurrentTCB
 .bss.pxDelayedTaskList
                0x0000000020000ca8        0x4 build/tasks.o
 .bss.pxOverflowDelayedTaskList
                0x0000000020000cac        0x4 build/tasks.o
 .bss.pxReadyTasksLists
                0x0000000020000cb0       0x8c build/tasks.o
 .bss.uxCurrentNumberOfTasks
                0x0000000020000d3c        0x4 build/tasks.o
 .bss.uxDeletedTasksWaitingCleanUp
                0x0000000020000d40        0x4 build/tasks.o
 .bss.uxSchedulerSuspended
                0x0000000020000d44        0x4 build/tasks.o
 .bss.uxTaskNumber
                0x0000000020000d48        0x4 build/tasks.o
 .bss.uxTopReadyPriority
                0x0000000020000d4c        0x4 build/tasks.o
 .bss.xDelayedTaskList1
                0x0000000020000d50       0x14 build/tasks.o
 .bss.xDelayedTaskList2
                0x0000000020000d64       0x14 build/tasks.o
 .bss.xIdleTaskHandle
                0x0000000020000d78        0x4 build/tasks.o
 .bss.xNextTaskUnblockTime
                0x0000000020000d7c        0x4 build/tasks.o
 .bss.xNumOfOverflows
                0x0000000020000d80        0x4 build/tasks.o
 .bss.xPendedTicks
                0x0000000020000d84        0x4 build/tasks.o
 .bss.xPendingReadyList
                0x0000000020000d88       0x14 build/tasks.o
 .bss.xSchedulerRunning
                0x0000000020000d9c        0x4 build/tasks.o
 .bss.xSuspendedTaskList
                0x0000000020000da0       0x14 build/tasks.o
 .bss.xTasksWaitingTermination
                0x0000000020000db4       0x14 build/tasks.o
 .bss.xTickCount
                0x0000000020000dc8        0x4 build/tasks.o
 .bss.xYieldPending
                0x0000000020000dcc        0x4 build/tasks.o
 .bss.pxEnd     0x0000000020000dd0        0x4 build/heap_4.o
 .bss.ucHeap    0x0000000020000dd4     0x8000 build/heap_4.o
 .bss.xBlockAllocatedBit
                0x0000000020008dd4        0x4 build/heap_4.o
 .bss.xFreeBytesRemaining
                0x0000000020008dd8        0x4 build/heap_4.o
 .bss.xMinimumEverFreeBytesRemaining
                0x0000000020008ddc        0x4 build/heap_4.o
 .bss.xNumberOfSuccessfulAllocations
                0x0000000020008de0        0x4 build/heap_4.o
 .bss.xNumberOfSuccessfulFrees
                0x0000000020008de4        0x4 build/heap_4.o
 .bss.xStart    0x0000000020008de8        0x8 build/heap_4.o
 .bss.ucMaxSysCallPriority
                0x0000000020008df0        0x1 build/port.o
 *fill*         0x0000000020008df1        0x3 
 .bss.ulMaxPRIGROUPValue
                0x0000000020008df4        0x4 build/port.o
 .bss.__malloc_free_list
                0x0000000020008df8        0x4 /usr/lib/gcc/arm-none-eabi/11.1.0/../../../../arm-none-eabi/lib/thumb/v7e-m+fp/hard/libc_nano.a(lib_a-nano-mallocr.o)
                0x0000000020008df8                __malloc_free_list
 .bss.__malloc_sbrk_start
                0x0000000020008dfc        0x4 /usr/lib/gcc/arm-none-eabi/11.1.0/../../../../arm-none-eabi/lib/thumb/v7e-m+fp/hard/libc_nano.a(lib_a-nano-mallocr.o)
                0x0000000020008dfc                __malloc_sbrk_start
 .bss.errno     0x0000000020008e00        0x4 /usr/lib/gcc/arm-none-eabi/11.1.0/../../../../arm-none-eabi/lib/thumb/v7e-m+fp/hard/libc_nano.a(lib_a-reent.o)
                0x0000000020008e00                errno
 .bss.heap_end.0
                0x0000000020008e04        0x4 /usr/lib/gcc/arm-none-eabi/11.1.0/../../../../arm-none-eabi/lib/thumb/v7e-m+fp/hard/libnosys.a(sbrk.o)
 *(COMMON)
                0x0000000020008e08                . = ALIGN (0x4)
                0x0000000020008e08                _ebss = .
                0x0000000020008e08                __bss_end__ = _ebss

._user_heap_stack
                0x0000000020008e08      0x600
                0x0000000020008e08                . = ALIGN (0x8)
                0x0000000020008e08                PROVIDE (end = .)
                [!provide]                        PROVIDE (_end = .)
                0x0000000020009008                . = (. + _Min_Heap_Size)
 *fill*         0x0000000020008e08      0x200 
                0x0000000020009408                . = (. + _Min_Stack_Size)
 *fill*         0x0000000020009008      0x400 
                0x0000000020009408                . = ALIGN (0x8)

/DISCARD/
 libc.a(*)
 libm.a(*)
 libgcc.a(*)

.ARM.attributes
                0x0000000000000000       0x30
 *(.ARM.attributes)
 .ARM.attributes
                0x0000000000000000       0x1e /usr/lib/gcc/arm-none-eabi/11.1.0/thumb/v7e-m+fp/hard/crti.o
 .ARM.attributes
                0x000000000000001e       0x34 /usr/lib/gcc/arm-none-eabi/11.1.0/thumb/v7e-m+fp/hard/crtbegin.o
 .ARM.attributes
                0x0000000000000052       0x34 build/main.o
 .ARM.attributes
                0x0000000000000086       0x34 build/freertos.o
 .ARM.attributes
                0x00000000000000ba       0x34 build/stm32f4xx_it.o
 .ARM.attributes
                0x00000000000000ee       0x34 build/stm32f4xx_hal_msp.o
 .ARM.attributes
                0x0000000000000122       0x34 build/stm32f4xx_hal_timebase_tim.o
 .ARM.attributes
                0x0000000000000156       0x34 build/usbh_conf.o
 .ARM.attributes
                0x000000000000018a       0x34 build/usbh_platform.o
 .ARM.attributes
                0x00000000000001be       0x34 build/usb_host.o
 .ARM.attributes
                0x00000000000001f2       0x34 build/stm32f4xx_hal_hcd.o
 .ARM.attributes
                0x0000000000000226       0x34 build/stm32f4xx_ll_usb.o
 .ARM.attributes
                0x000000000000025a       0x34 build/stm32f4xx_hal_rcc.o
 .ARM.attributes
                0x000000000000028e       0x34 build/stm32f4xx_hal_rcc_ex.o
 .ARM.attributes
                0x00000000000002c2       0x34 build/stm32f4xx_hal_gpio.o
 .ARM.attributes
                0x00000000000002f6       0x34 build/stm32f4xx_hal_cortex.o
 .ARM.attributes
                0x000000000000032a       0x34 build/stm32f4xx_hal.o
 .ARM.attributes
                0x000000000000035e       0x34 build/stm32f4xx_hal_crc.o
 .ARM.attributes
                0x0000000000000392       0x34 build/stm32f4xx_hal_dma2d.o
 .ARM.attributes
                0x00000000000003c6       0x34 build/stm32f4xx_ll_fmc.o
 .ARM.attributes
                0x00000000000003fa       0x34 build/stm32f4xx_hal_sdram.o
 .ARM.attributes
                0x000000000000042e       0x34 build/stm32f4xx_hal_i2c.o
 .ARM.attributes
                0x0000000000000462       0x34 build/stm32f4xx_hal_i2c_ex.o
 .ARM.attributes
                0x0000000000000496       0x34 build/stm32f4xx_hal_ltdc.o
 .ARM.attributes
                0x00000000000004ca       0x34 build/stm32f4xx_hal_spi.o
 .ARM.attributes
                0x00000000000004fe       0x34 build/stm32f4xx_hal_tim.o
 .ARM.attributes
                0x0000000000000532       0x34 build/stm32f4xx_hal_tim_ex.o
 .ARM.attributes
                0x0000000000000566       0x34 build/stm32f4xx_hal_uart.o
 .ARM.attributes
                0x000000000000059a       0x34 build/system_stm32f4xx.o
 .ARM.attributes
                0x00000000000005ce       0x34 build/list.o
 .ARM.attributes
                0x0000000000000602       0x34 build/queue.o
 .ARM.attributes
                0x0000000000000636       0x34 build/tasks.o
 .ARM.attributes
                0x000000000000066a       0x34 build/cmsis_os.o
 .ARM.attributes
                0x000000000000069e       0x34 build/heap_4.o
 .ARM.attributes
                0x00000000000006d2       0x34 build/port.o
 .ARM.attributes
                0x0000000000000706       0x34 build/usbh_core.o
 .ARM.attributes
                0x000000000000073a       0x34 build/usbh_ctlreq.o
 .ARM.attributes
                0x000000000000076e       0x34 build/usbh_ioreq.o
 .ARM.attributes
                0x00000000000007a2       0x34 build/usbh_pipes.o
 .ARM.attributes
                0x00000000000007d6       0x34 build/usbh_cdc.o
 .ARM.attributes
                0x000000000000080a       0x21 build/startup_stm32f429xx.o
 .ARM.attributes
                0x000000000000082b       0x32 /usr/lib/gcc/arm-none-eabi/11.1.0/../../../../arm-none-eabi/lib/thumb/v7e-m+fp/hard/libc_nano.a(lib_a-impure.o)
 .ARM.attributes
                0x000000000000085d       0x34 /usr/lib/gcc/arm-none-eabi/11.1.0/../../../../arm-none-eabi/lib/thumb/v7e-m+fp/hard/libc_nano.a(lib_a-init.o)
 .ARM.attributes
                0x0000000000000891       0x34 /usr/lib/gcc/arm-none-eabi/11.1.0/../../../../arm-none-eabi/lib/thumb/v7e-m+fp/hard/libc_nano.a(lib_a-malloc.o)
 .ARM.attributes
                0x00000000000008c5       0x34 /usr/lib/gcc/arm-none-eabi/11.1.0/../../../../arm-none-eabi/lib/thumb/v7e-m+fp/hard/libc_nano.a(lib_a-memcpy-stub.o)
 .ARM.attributes
                0x00000000000008f9       0x34 /usr/lib/gcc/arm-none-eabi/11.1.0/../../../../arm-none-eabi/lib/thumb/v7e-m+fp/hard/libc_nano.a(lib_a-memset.o)
 .ARM.attributes
                0x000000000000092d       0x34 /usr/lib/gcc/arm-none-eabi/11.1.0/../../../../arm-none-eabi/lib/thumb/v7e-m+fp/hard/libc_nano.a(lib_a-nano-freer.o)
 .ARM.attributes
                0x0000000000000961       0x34 /usr/lib/gcc/arm-none-eabi/11.1.0/../../../../arm-none-eabi/lib/thumb/v7e-m+fp/hard/libc_nano.a(lib_a-nano-mallocr.o)
 .ARM.attributes
                0x0000000000000995       0x34 /usr/lib/gcc/arm-none-eabi/11.1.0/../../../../arm-none-eabi/lib/thumb/v7e-m+fp/hard/libc_nano.a(lib_a-sbrkr.o)
 .ARM.attributes
                0x00000000000009c9       0x34 /usr/lib/gcc/arm-none-eabi/11.1.0/../../../../arm-none-eabi/lib/thumb/v7e-m+fp/hard/libc_nano.a(lib_a-mlock.o)
 .ARM.attributes
                0x00000000000009fd       0x34 /usr/lib/gcc/arm-none-eabi/11.1.0/../../../../arm-none-eabi/lib/thumb/v7e-m+fp/hard/libc_nano.a(lib_a-reent.o)
 .ARM.attributes
                0x0000000000000a31       0x34 /usr/lib/gcc/arm-none-eabi/11.1.0/../../../../arm-none-eabi/lib/thumb/v7e-m+fp/hard/libnosys.a(sbrk.o)
 .ARM.attributes
                0x0000000000000a65       0x1e /usr/lib/gcc/arm-none-eabi/11.1.0/thumb/v7e-m+fp/hard/libgcc.a(_aeabi_uldivmod.o)
 .ARM.attributes
                0x0000000000000a83       0x34 /usr/lib/gcc/arm-none-eabi/11.1.0/thumb/v7e-m+fp/hard/libgcc.a(_udivmoddi4.o)
 .ARM.attributes
                0x0000000000000ab7       0x1e /usr/lib/gcc/arm-none-eabi/11.1.0/thumb/v7e-m+fp/hard/libgcc.a(_dvmd_tls.o)
 .ARM.attributes
                0x0000000000000ad5       0x32 /usr/lib/gcc/arm-none-eabi/11.1.0/thumb/v7e-m+fp/hard/crtend.o
 .ARM.attributes
                0x0000000000000b07       0x1e /usr/lib/gcc/arm-none-eabi/11.1.0/thumb/v7e-m+fp/hard/crtn.o
OUTPUT(build/stm32-blinky.elf elf32-littlearm)
LOAD linker stubs
LOAD /usr/lib/gcc/arm-none-eabi/11.1.0/../../../../arm-none-eabi/lib/thumb/v7e-m+fp/hard/libc.a
LOAD /usr/lib/gcc/arm-none-eabi/11.1.0/../../../../arm-none-eabi/lib/thumb/v7e-m+fp/hard/libm.a
LOAD /usr/lib/gcc/arm-none-eabi/11.1.0/thumb/v7e-m+fp/hard/libgcc.a

.comment        0x0000000000000000       0x46
 .comment       0x0000000000000000       0x23 /usr/lib/gcc/arm-none-eabi/11.1.0/thumb/v7e-m+fp/hard/crtbegin.o
                                         0x24 (size before relaxing)
 .comment       0x0000000000000023       0x24 build/main.o
 .comment       0x0000000000000023       0x24 build/freertos.o
 .comment       0x0000000000000023       0x24 build/stm32f4xx_it.o
 .comment       0x0000000000000023       0x24 build/stm32f4xx_hal_msp.o
 .comment       0x0000000000000023       0x24 build/stm32f4xx_hal_timebase_tim.o
 .comment       0x0000000000000023       0x24 build/usbh_conf.o
 .comment       0x0000000000000023       0x24 build/usbh_platform.o
 .comment       0x0000000000000023       0x24 build/usb_host.o
 .comment       0x0000000000000023       0x24 build/stm32f4xx_hal_hcd.o
 .comment       0x0000000000000023       0x24 build/stm32f4xx_ll_usb.o
 .comment       0x0000000000000023       0x24 build/stm32f4xx_hal_rcc.o
 .comment       0x0000000000000023       0x24 build/stm32f4xx_hal_rcc_ex.o
 .comment       0x0000000000000023       0x24 build/stm32f4xx_hal_gpio.o
 .comment       0x0000000000000023       0x24 build/stm32f4xx_hal_cortex.o
 .comment       0x0000000000000023       0x24 build/stm32f4xx_hal.o
 .comment       0x0000000000000023       0x24 build/stm32f4xx_hal_crc.o
 .comment       0x0000000000000023       0x24 build/stm32f4xx_hal_dma2d.o
 .comment       0x0000000000000023       0x24 build/stm32f4xx_ll_fmc.o
 .comment       0x0000000000000023       0x24 build/stm32f4xx_hal_sdram.o
 .comment       0x0000000000000023       0x24 build/stm32f4xx_hal_i2c.o
 .comment       0x0000000000000023       0x24 build/stm32f4xx_hal_i2c_ex.o
 .comment       0x0000000000000023       0x24 build/stm32f4xx_hal_ltdc.o
 .comment       0x0000000000000023       0x24 build/stm32f4xx_hal_spi.o
 .comment       0x0000000000000023       0x24 build/stm32f4xx_hal_tim.o
 .comment       0x0000000000000023       0x24 build/stm32f4xx_hal_tim_ex.o
 .comment       0x0000000000000023       0x24 build/stm32f4xx_hal_uart.o
 .comment       0x0000000000000023       0x24 build/system_stm32f4xx.o
 .comment       0x0000000000000023       0x24 build/list.o
 .comment       0x0000000000000023       0x24 build/queue.o
 .comment       0x0000000000000023       0x24 build/tasks.o
 .comment       0x0000000000000023       0x24 build/cmsis_os.o
 .comment       0x0000000000000023       0x24 build/heap_4.o
 .comment       0x0000000000000023       0x24 build/port.o
 .comment       0x0000000000000023       0x24 build/usbh_core.o
 .comment       0x0000000000000023       0x24 build/usbh_ctlreq.o
 .comment       0x0000000000000023       0x24 build/usbh_ioreq.o
 .comment       0x0000000000000023       0x24 build/usbh_pipes.o
 .comment       0x0000000000000023       0x24 build/usbh_cdc.o
 .comment       0x0000000000000023       0x23 /usr/lib/gcc/arm-none-eabi/11.1.0/../../../../arm-none-eabi/lib/thumb/v7e-m+fp/hard/libc_nano.a(lib_a-impure.o)
                                         0x24 (size before relaxing)
 .comment       0x0000000000000046       0x24 /usr/lib/gcc/arm-none-eabi/11.1.0/../../../../arm-none-eabi/lib/thumb/v7e-m+fp/hard/libc_nano.a(lib_a-init.o)
 .comment       0x0000000000000046       0x24 /usr/lib/gcc/arm-none-eabi/11.1.0/../../../../arm-none-eabi/lib/thumb/v7e-m+fp/hard/libc_nano.a(lib_a-malloc.o)
 .comment       0x0000000000000046       0x24 /usr/lib/gcc/arm-none-eabi/11.1.0/../../../../arm-none-eabi/lib/thumb/v7e-m+fp/hard/libc_nano.a(lib_a-memcpy-stub.o)
 .comment       0x0000000000000046       0x24 /usr/lib/gcc/arm-none-eabi/11.1.0/../../../../arm-none-eabi/lib/thumb/v7e-m+fp/hard/libc_nano.a(lib_a-memset.o)
 .comment       0x0000000000000046       0x24 /usr/lib/gcc/arm-none-eabi/11.1.0/../../../../arm-none-eabi/lib/thumb/v7e-m+fp/hard/libc_nano.a(lib_a-nano-freer.o)
 .comment       0x0000000000000046       0x24 /usr/lib/gcc/arm-none-eabi/11.1.0/../../../../arm-none-eabi/lib/thumb/v7e-m+fp/hard/libc_nano.a(lib_a-nano-mallocr.o)
 .comment       0x0000000000000046       0x24 /usr/lib/gcc/arm-none-eabi/11.1.0/../../../../arm-none-eabi/lib/thumb/v7e-m+fp/hard/libc_nano.a(lib_a-sbrkr.o)
 .comment       0x0000000000000046       0x24 /usr/lib/gcc/arm-none-eabi/11.1.0/../../../../arm-none-eabi/lib/thumb/v7e-m+fp/hard/libc_nano.a(lib_a-mlock.o)
 .comment       0x0000000000000046       0x24 /usr/lib/gcc/arm-none-eabi/11.1.0/../../../../arm-none-eabi/lib/thumb/v7e-m+fp/hard/libc_nano.a(lib_a-reent.o)
 .comment       0x0000000000000046       0x24 /usr/lib/gcc/arm-none-eabi/11.1.0/../../../../arm-none-eabi/lib/thumb/v7e-m+fp/hard/libnosys.a(sbrk.o)
 .comment       0x0000000000000046       0x24 /usr/lib/gcc/arm-none-eabi/11.1.0/thumb/v7e-m+fp/hard/libgcc.a(_udivmoddi4.o)
 .comment       0x0000000000000046       0x24 /usr/lib/gcc/arm-none-eabi/11.1.0/thumb/v7e-m+fp/hard/crtend.o

.debug_info     0x0000000000000000    0x3c74b
 .debug_info    0x0000000000000000     0x2e03 build/main.o
 .debug_info    0x0000000000002e03      0x33c build/freertos.o
 .debug_info    0x000000000000313f     0x1534 build/stm32f4xx_it.o
 .debug_info    0x0000000000004673     0x2c0e build/stm32f4xx_hal_msp.o
 .debug_info    0x0000000000007281      0xdfe build/stm32f4xx_hal_timebase_tim.o
 .debug_info    0x000000000000807f     0x2397 build/usbh_conf.o
 .debug_info    0x000000000000a416      0x225 build/usbh_platform.o
 .debug_info    0x000000000000a63b      0xc3b build/usb_host.o
 .debug_info    0x000000000000b276     0x1733 build/stm32f4xx_hal_hcd.o
 .debug_info    0x000000000000c9a9     0x209b build/stm32f4xx_ll_usb.o
 .debug_info    0x000000000000ea44      0xc2c build/stm32f4xx_hal_rcc.o
 .debug_info    0x000000000000f670      0x8bd build/stm32f4xx_hal_rcc_ex.o
 .debug_info    0x000000000000ff2d      0x86a build/stm32f4xx_hal_gpio.o
 .debug_info    0x0000000000010797     0x11b0 build/stm32f4xx_hal_cortex.o
 .debug_info    0x0000000000011947      0xb80 build/stm32f4xx_hal.o
 .debug_info    0x00000000000124c7      0x41d build/stm32f4xx_hal_crc.o
 .debug_info    0x00000000000128e4     0x1413 build/stm32f4xx_hal_dma2d.o
 .debug_info    0x0000000000013cf7     0x1175 build/stm32f4xx_ll_fmc.o
 .debug_info    0x0000000000014e6c     0x10d0 build/stm32f4xx_hal_sdram.o
 .debug_info    0x0000000000015f3c     0x3b82 build/stm32f4xx_hal_i2c.o
 .debug_info    0x0000000000019abe      0x758 build/stm32f4xx_hal_i2c_ex.o
 .debug_info    0x000000000001a216     0x1691 build/stm32f4xx_hal_ltdc.o
 .debug_info    0x000000000001b8a7     0x2042 build/stm32f4xx_hal_spi.o
 .debug_info    0x000000000001d8e9     0x40c3 build/stm32f4xx_hal_tim.o
 .debug_info    0x00000000000219ac     0x1d52 build/stm32f4xx_hal_tim_ex.o
 .debug_info    0x00000000000236fe     0x440a build/stm32f4xx_hal_uart.o
 .debug_info    0x0000000000027b08      0x5d5 build/system_stm32f4xx.o
 .debug_info    0x00000000000280dd      0x30f build/list.o
 .debug_info    0x00000000000283ec     0x2789 build/queue.o
 .debug_info    0x000000000002ab75     0x2e54 build/tasks.o
 .debug_info    0x000000000002d9c9     0x2815 build/cmsis_os.o
 .debug_info    0x00000000000301de      0x66b build/heap_4.o
 .debug_info    0x0000000000030849      0x5c2 build/port.o
 .debug_info    0x0000000000030e0b     0x2103 build/usbh_core.o
 .debug_info    0x0000000000032f0e     0x17eb build/usbh_ctlreq.o
 .debug_info    0x00000000000346f9     0x10b1 build/usbh_ioreq.o
 .debug_info    0x00000000000357aa      0xd06 build/usbh_pipes.o
 .debug_info    0x00000000000364b0     0x1cb6 build/usbh_cdc.o
 .debug_info    0x0000000000038166       0x22 build/startup_stm32f429xx.o
 .debug_info    0x0000000000038188      0x7fc /usr/lib/gcc/arm-none-eabi/11.1.0/../../../../arm-none-eabi/lib/thumb/v7e-m+fp/hard/libc_nano.a(lib_a-impure.o)
 .debug_info    0x0000000000038984      0x10b /usr/lib/gcc/arm-none-eabi/11.1.0/../../../../arm-none-eabi/lib/thumb/v7e-m+fp/hard/libc_nano.a(lib_a-init.o)
 .debug_info    0x0000000000038a8f      0x7ea /usr/lib/gcc/arm-none-eabi/11.1.0/../../../../arm-none-eabi/lib/thumb/v7e-m+fp/hard/libc_nano.a(lib_a-malloc.o)
 .debug_info    0x0000000000039279      0x121 /usr/lib/gcc/arm-none-eabi/11.1.0/../../../../arm-none-eabi/lib/thumb/v7e-m+fp/hard/libc_nano.a(lib_a-memcpy-stub.o)
 .debug_info    0x000000000003939a       0xe0 /usr/lib/gcc/arm-none-eabi/11.1.0/../../../../arm-none-eabi/lib/thumb/v7e-m+fp/hard/libc_nano.a(lib_a-memset.o)
 .debug_info    0x000000000003947a      0x89c /usr/lib/gcc/arm-none-eabi/11.1.0/../../../../arm-none-eabi/lib/thumb/v7e-m+fp/hard/libc_nano.a(lib_a-nano-freer.o)
 .debug_info    0x0000000000039d16      0x9f8 /usr/lib/gcc/arm-none-eabi/11.1.0/../../../../arm-none-eabi/lib/thumb/v7e-m+fp/hard/libc_nano.a(lib_a-nano-mallocr.o)
 .debug_info    0x000000000003a70e      0x7d2 /usr/lib/gcc/arm-none-eabi/11.1.0/../../../../arm-none-eabi/lib/thumb/v7e-m+fp/hard/libc_nano.a(lib_a-sbrkr.o)
 .debug_info    0x000000000003aee0      0x77c /usr/lib/gcc/arm-none-eabi/11.1.0/../../../../arm-none-eabi/lib/thumb/v7e-m+fp/hard/libc_nano.a(lib_a-mlock.o)
 .debug_info    0x000000000003b65c      0x92c /usr/lib/gcc/arm-none-eabi/11.1.0/../../../../arm-none-eabi/lib/thumb/v7e-m+fp/hard/libc_nano.a(lib_a-reent.o)
 .debug_info    0x000000000003bf88       0x9e /usr/lib/gcc/arm-none-eabi/11.1.0/../../../../arm-none-eabi/lib/thumb/v7e-m+fp/hard/libnosys.a(sbrk.o)
 .debug_info    0x000000000003c026       0x24 /usr/lib/gcc/arm-none-eabi/11.1.0/thumb/v7e-m+fp/hard/libgcc.a(_aeabi_uldivmod.o)
 .debug_info    0x000000000003c04a      0x6dd /usr/lib/gcc/arm-none-eabi/11.1.0/thumb/v7e-m+fp/hard/libgcc.a(_udivmoddi4.o)
 .debug_info    0x000000000003c727       0x24 /usr/lib/gcc/arm-none-eabi/11.1.0/thumb/v7e-m+fp/hard/libgcc.a(_dvmd_tls.o)

.debug_abbrev   0x0000000000000000     0x7678
 .debug_abbrev  0x0000000000000000      0x34e build/main.o
 .debug_abbrev  0x000000000000034e       0xef build/freertos.o
 .debug_abbrev  0x000000000000043d      0x1c1 build/stm32f4xx_it.o
 .debug_abbrev  0x00000000000005fe      0x2dc build/stm32f4xx_hal_msp.o
 .debug_abbrev  0x00000000000008da      0x21a build/stm32f4xx_hal_timebase_tim.o
 .debug_abbrev  0x0000000000000af4      0x3b9 build/usbh_conf.o
 .debug_abbrev  0x0000000000000ead      0x12e build/usbh_platform.o
 .debug_abbrev  0x0000000000000fdb      0x275 build/usb_host.o
 .debug_abbrev  0x0000000000001250      0x2cf build/stm32f4xx_hal_hcd.o
 .debug_abbrev  0x000000000000151f      0x33d build/stm32f4xx_ll_usb.o
 .debug_abbrev  0x000000000000185c      0x2de build/stm32f4xx_hal_rcc.o
 .debug_abbrev  0x0000000000001b3a      0x1dc build/stm32f4xx_hal_rcc_ex.o
 .debug_abbrev  0x0000000000001d16      0x22b build/stm32f4xx_hal_gpio.o
 .debug_abbrev  0x0000000000001f41      0x371 build/stm32f4xx_hal_cortex.o
 .debug_abbrev  0x00000000000022b2      0x244 build/stm32f4xx_hal.o
 .debug_abbrev  0x00000000000024f6      0x1e2 build/stm32f4xx_hal_crc.o
 .debug_abbrev  0x00000000000026d8      0x284 build/stm32f4xx_hal_dma2d.o
 .debug_abbrev  0x000000000000295c      0x1fd build/stm32f4xx_ll_fmc.o
 .debug_abbrev  0x0000000000002b59      0x283 build/stm32f4xx_hal_sdram.o
 .debug_abbrev  0x0000000000002ddc      0x328 build/stm32f4xx_hal_i2c.o
 .debug_abbrev  0x0000000000003104      0x162 build/stm32f4xx_hal_i2c_ex.o
 .debug_abbrev  0x0000000000003266      0x255 build/stm32f4xx_hal_ltdc.o
 .debug_abbrev  0x00000000000034bb      0x2c6 build/stm32f4xx_hal_spi.o
 .debug_abbrev  0x0000000000003781      0x2b6 build/stm32f4xx_hal_tim.o
 .debug_abbrev  0x0000000000003a37      0x2b0 build/stm32f4xx_hal_tim_ex.o
 .debug_abbrev  0x0000000000003ce7      0x368 build/stm32f4xx_hal_uart.o
 .debug_abbrev  0x000000000000404f      0x11b build/system_stm32f4xx.o
 .debug_abbrev  0x000000000000416a      0x124 build/list.o
 .debug_abbrev  0x000000000000428e      0x431 build/queue.o
 .debug_abbrev  0x00000000000046bf      0x415 build/tasks.o
 .debug_abbrev  0x0000000000004ad4      0x3fb build/cmsis_os.o
 .debug_abbrev  0x0000000000004ecf      0x285 build/heap_4.o
 .debug_abbrev  0x0000000000005154      0x2af build/port.o
 .debug_abbrev  0x0000000000005403      0x42b build/usbh_core.o
 .debug_abbrev  0x000000000000582e      0x38d build/usbh_ctlreq.o
 .debug_abbrev  0x0000000000005bbb      0x246 build/usbh_ioreq.o
 .debug_abbrev  0x0000000000005e01      0x2ac build/usbh_pipes.o
 .debug_abbrev  0x00000000000060ad      0x3a8 build/usbh_cdc.o
 .debug_abbrev  0x0000000000006455       0x12 build/startup_stm32f429xx.o
 .debug_abbrev  0x0000000000006467      0x15a /usr/lib/gcc/arm-none-eabi/11.1.0/../../../../arm-none-eabi/lib/thumb/v7e-m+fp/hard/libc_nano.a(lib_a-impure.o)
 .debug_abbrev  0x00000000000065c1       0xc9 /usr/lib/gcc/arm-none-eabi/11.1.0/../../../../arm-none-eabi/lib/thumb/v7e-m+fp/hard/libc_nano.a(lib_a-init.o)
 .debug_abbrev  0x000000000000668a      0x1cf /usr/lib/gcc/arm-none-eabi/11.1.0/../../../../arm-none-eabi/lib/thumb/v7e-m+fp/hard/libc_nano.a(lib_a-malloc.o)
 .debug_abbrev  0x0000000000006859       0xc1 /usr/lib/gcc/arm-none-eabi/11.1.0/../../../../arm-none-eabi/lib/thumb/v7e-m+fp/hard/libc_nano.a(lib_a-memcpy-stub.o)
 .debug_abbrev  0x000000000000691a       0x9e /usr/lib/gcc/arm-none-eabi/11.1.0/../../../../arm-none-eabi/lib/thumb/v7e-m+fp/hard/libc_nano.a(lib_a-memset.o)
 .debug_abbrev  0x00000000000069b8      0x23b /usr/lib/gcc/arm-none-eabi/11.1.0/../../../../arm-none-eabi/lib/thumb/v7e-m+fp/hard/libc_nano.a(lib_a-nano-freer.o)
 .debug_abbrev  0x0000000000006bf3      0x2b3 /usr/lib/gcc/arm-none-eabi/11.1.0/../../../../arm-none-eabi/lib/thumb/v7e-m+fp/hard/libc_nano.a(lib_a-nano-mallocr.o)
 .debug_abbrev  0x0000000000006ea6      0x1da /usr/lib/gcc/arm-none-eabi/11.1.0/../../../../arm-none-eabi/lib/thumb/v7e-m+fp/hard/libc_nano.a(lib_a-sbrkr.o)
 .debug_abbrev  0x0000000000007080      0x192 /usr/lib/gcc/arm-none-eabi/11.1.0/../../../../arm-none-eabi/lib/thumb/v7e-m+fp/hard/libc_nano.a(lib_a-mlock.o)
 .debug_abbrev  0x0000000000007212      0x233 /usr/lib/gcc/arm-none-eabi/11.1.0/../../../../arm-none-eabi/lib/thumb/v7e-m+fp/hard/libc_nano.a(lib_a-reent.o)
 .debug_abbrev  0x0000000000007445       0xa1 /usr/lib/gcc/arm-none-eabi/11.1.0/../../../../arm-none-eabi/lib/thumb/v7e-m+fp/hard/libnosys.a(sbrk.o)
 .debug_abbrev  0x00000000000074e6       0x14 /usr/lib/gcc/arm-none-eabi/11.1.0/thumb/v7e-m+fp/hard/libgcc.a(_aeabi_uldivmod.o)
 .debug_abbrev  0x00000000000074fa      0x16a /usr/lib/gcc/arm-none-eabi/11.1.0/thumb/v7e-m+fp/hard/libgcc.a(_udivmoddi4.o)
 .debug_abbrev  0x0000000000007664       0x14 /usr/lib/gcc/arm-none-eabi/11.1.0/thumb/v7e-m+fp/hard/libgcc.a(_dvmd_tls.o)

.debug_loc      0x0000000000000000    0x299be
 .debug_loc     0x0000000000000000      0x2c0 build/main.o
 .debug_loc     0x00000000000002c0       0x80 build/stm32f4xx_it.o
 .debug_loc     0x0000000000000340      0x5f9 build/stm32f4xx_hal_msp.o
 .debug_loc     0x0000000000000939       0xcd build/stm32f4xx_hal_timebase_tim.o
 .debug_loc     0x0000000000000a06      0xc36 build/usbh_conf.o
 .debug_loc     0x000000000000163c       0x81 build/usbh_platform.o
 .debug_loc     0x00000000000016bd       0x20 build/usb_host.o
 .debug_loc     0x00000000000016dd     0x134a build/stm32f4xx_hal_hcd.o
 .debug_loc     0x0000000000002a27     0x2857 build/stm32f4xx_ll_usb.o
 .debug_loc     0x000000000000527e      0x6e4 build/stm32f4xx_hal_rcc.o
 .debug_loc     0x0000000000005962      0x59d build/stm32f4xx_hal_rcc_ex.o
 .debug_loc     0x0000000000005eff      0x5db build/stm32f4xx_hal_gpio.o
 .debug_loc     0x00000000000064da      0x831 build/stm32f4xx_hal_cortex.o
 .debug_loc     0x0000000000006d0b      0x1e1 build/stm32f4xx_hal.o
 .debug_loc     0x0000000000006eec      0x2c3 build/stm32f4xx_hal_crc.o
 .debug_loc     0x00000000000071af     0x17a1 build/stm32f4xx_hal_dma2d.o
 .debug_loc     0x0000000000008950      0xe84 build/stm32f4xx_ll_fmc.o
 .debug_loc     0x00000000000097d4      0xd4a build/stm32f4xx_hal_sdram.o
 .debug_loc     0x000000000000a51e     0x4dc7 build/stm32f4xx_hal_i2c.o
 .debug_loc     0x000000000000f2e5       0xd9 build/stm32f4xx_hal_i2c_ex.o
 .debug_loc     0x000000000000f3be     0x1bf6 build/stm32f4xx_hal_ltdc.o
 .debug_loc     0x0000000000010fb4     0x2501 build/stm32f4xx_hal_spi.o
 .debug_loc     0x00000000000134b5     0x5bfc build/stm32f4xx_hal_tim.o
 .debug_loc     0x00000000000190b1     0x2161 build/stm32f4xx_hal_tim_ex.o
 .debug_loc     0x000000000001b212     0x4fd9 build/stm32f4xx_hal_uart.o
 .debug_loc     0x00000000000201eb      0x158 build/system_stm32f4xx.o
 .debug_loc     0x0000000000020343       0xe5 build/list.o
 .debug_loc     0x0000000000020428     0x1d2c build/queue.o
 .debug_loc     0x0000000000022154     0x2594 build/tasks.o
 .debug_loc     0x00000000000246e8     0x1bcc build/cmsis_os.o
 .debug_loc     0x00000000000262b4      0x4ca build/heap_4.o
 .debug_loc     0x000000000002677e      0x1c0 build/port.o
 .debug_loc     0x000000000002693e      0xc4b build/usbh_core.o
 .debug_loc     0x0000000000027589      0xff5 build/usbh_ctlreq.o
 .debug_loc     0x000000000002857e      0x750 build/usbh_ioreq.o
 .debug_loc     0x0000000000028cce      0x27e build/usbh_pipes.o
 .debug_loc     0x0000000000028f4c      0xa72 build/usbh_cdc.o

.debug_aranges  0x0000000000000000     0x23a8
 .debug_aranges
                0x0000000000000000       0x88 build/main.o
 .debug_aranges
                0x0000000000000088       0x38 build/freertos.o
 .debug_aranges
                0x00000000000000c0       0x68 build/stm32f4xx_it.o
 .debug_aranges
                0x0000000000000128       0xb0 build/stm32f4xx_hal_msp.o
 .debug_aranges
                0x00000000000001d8       0x30 build/stm32f4xx_hal_timebase_tim.o
 .debug_aranges
                0x0000000000000208       0xd8 build/usbh_conf.o
 .debug_aranges
                0x00000000000002e0       0x20 build/usbh_platform.o
 .debug_aranges
                0x0000000000000300       0x28 build/usb_host.o
 .debug_aranges
                0x0000000000000328       0xf8 build/stm32f4xx_hal_hcd.o
 .debug_aranges
                0x0000000000000420      0x198 build/stm32f4xx_ll_usb.o
 .debug_aranges
                0x00000000000005b8       0x88 build/stm32f4xx_hal_rcc.o
 .debug_aranges
                0x0000000000000640       0x58 build/stm32f4xx_hal_rcc_ex.o
 .debug_aranges
                0x0000000000000698       0x58 build/stm32f4xx_hal_gpio.o
 .debug_aranges
                0x00000000000006f0       0xa8 build/stm32f4xx_hal_cortex.o
 .debug_aranges
                0x0000000000000798      0x100 build/stm32f4xx_hal.o
 .debug_aranges
                0x0000000000000898       0x50 build/stm32f4xx_hal_crc.o
 .debug_aranges
                0x00000000000008e8      0x118 build/stm32f4xx_hal_dma2d.o
 .debug_aranges
                0x0000000000000a00       0xf0 build/stm32f4xx_ll_fmc.o
 .debug_aranges
                0x0000000000000af0       0xd0 build/stm32f4xx_hal_sdram.o
 .debug_aranges
                0x0000000000000bc0      0x2a0 build/stm32f4xx_hal_i2c.o
 .debug_aranges
                0x0000000000000e60       0x28 build/stm32f4xx_hal_i2c_ex.o
 .debug_aranges
                0x0000000000000e88      0x158 build/stm32f4xx_hal_ltdc.o
 .debug_aranges
                0x0000000000000fe0      0x1d0 build/stm32f4xx_hal_spi.o
 .debug_aranges
                0x00000000000011b0      0x3d0 build/stm32f4xx_hal_tim.o
 .debug_aranges
                0x0000000000001580      0x168 build/stm32f4xx_hal_tim_ex.o
 .debug_aranges
                0x00000000000016e8      0x200 build/stm32f4xx_hal_uart.o
 .debug_aranges
                0x00000000000018e8       0x28 build/system_stm32f4xx.o
 .debug_aranges
                0x0000000000001910       0x40 build/list.o
 .debug_aranges
                0x0000000000001950      0x128 build/queue.o
 .debug_aranges
                0x0000000000001a78      0x1d8 build/tasks.o
 .debug_aranges
                0x0000000000001c50      0x1d8 build/cmsis_os.o
 .debug_aranges
                0x0000000000001e28       0x58 build/heap_4.o
 .debug_aranges
                0x0000000000001e80       0x80 build/port.o
 .debug_aranges
                0x0000000000001f00       0xd0 build/usbh_core.o
 .debug_aranges
                0x0000000000001fd0       0xa0 build/usbh_ctlreq.o
 .debug_aranges
                0x0000000000002070       0x60 build/usbh_ioreq.o
 .debug_aranges
                0x00000000000020d0       0x40 build/usbh_pipes.o
 .debug_aranges
                0x0000000000002110       0xa8 build/usbh_cdc.o
 .debug_aranges
                0x00000000000021b8       0x28 build/startup_stm32f429xx.o
 .debug_aranges
                0x00000000000021e0       0x18 /usr/lib/gcc/arm-none-eabi/11.1.0/../../../../arm-none-eabi/lib/thumb/v7e-m+fp/hard/libc_nano.a(lib_a-impure.o)
 .debug_aranges
                0x00000000000021f8       0x20 /usr/lib/gcc/arm-none-eabi/11.1.0/../../../../arm-none-eabi/lib/thumb/v7e-m+fp/hard/libc_nano.a(lib_a-init.o)
 .debug_aranges